test_changed_fixture_hash_cannot_admit_runtime_red (__main__.CommandSelectionTests.test_changed_fixture_hash_cannot_admit_runtime_red) ... ok
test_dead_cluster_cannot_be_restarted_by_request (__main__.CommandSelectionTests.test_dead_cluster_cannot_be_restarted_by_request) ... ok
test_first_green_selects_only_last_claim_named_test (__main__.CommandSelectionTests.test_first_green_selects_only_last_claim_named_test) ... ok
test_green_is_rejected_after_terminal_failure (__main__.CommandSelectionTests.test_green_is_rejected_after_terminal_failure) ... ok
test_green_requires_expected_red_and_fresh_compile (__main__.CommandSelectionTests.test_green_requires_expected_red_and_fresh_compile) ... ok
test_helper_red_alone_cannot_admit_runtime_red (__main__.CommandSelectionTests.test_helper_red_alone_cannot_admit_runtime_red) ... ok
test_missing_launcher_review_cannot_admit_runtime_red (__main__.CommandSelectionTests.test_missing_launcher_review_cannot_admit_runtime_red) ... ok
test_missing_source_review_cannot_admit_runtime_red (__main__.CommandSelectionTests.test_missing_source_review_cannot_admit_runtime_red) ... ok
test_red_selects_only_last_claim_named_test (__main__.CommandSelectionTests.test_red_selects_only_last_claim_named_test) ... ok
test_relative_test_executable_is_rejected (__main__.CommandSelectionTests.test_relative_test_executable_is_rejected) ... ok
test_runtime_red_requires_helper_green_and_exact_reviewed_hashes (__main__.CommandSelectionTests.test_runtime_red_requires_helper_green_and_exact_reviewed_hashes) ... ok
test_second_green_selects_only_four_process_named_test (__main__.CommandSelectionTests.test_second_green_selects_only_four_process_named_test) ... ok
test_source_hash_mismatch_rejects_even_an_expected_stage (__main__.CommandSelectionTests.test_source_hash_mismatch_rejects_even_an_expected_stage) ... ok
test_stage_approval_cannot_repeat_red (__main__.CommandSelectionTests.test_stage_approval_cannot_repeat_red) ... ok
test_unknown_stage_cannot_select_workspace_or_child_test (__main__.CommandSelectionTests.test_unknown_stage_cannot_select_workspace_or_child_test) ... ok
test_group_readable_run_root_is_rejected (__main__.ContainmentTests.test_group_readable_run_root_is_rejected) ... ok
test_non_owner_private_root_is_rejected (__main__.ContainmentTests.test_non_owner_private_root_is_rejected) ... ok
test_owned_regular_path_is_accepted (__main__.ContainmentTests.test_owned_regular_path_is_accepted) ... ok
test_parent_traversal_is_rejected (__main__.ContainmentTests.test_parent_traversal_is_rejected) ... ok
test_prefix_lookalike_is_rejected (__main__.ContainmentTests.test_prefix_lookalike_is_rejected) ... ok
test_symlink_component_is_rejected_even_if_target_is_inside (__main__.ContainmentTests.test_symlink_component_is_rejected_even_if_target_is_inside) ... ok
test_unknown_path_observation_is_rejected (__main__.ContainmentTests.test_unknown_path_observation_is_rejected) ... ok
test_backward_clock_observation_is_rejected (__main__.DeadlineAndDiskTests.test_backward_clock_observation_is_rejected) ... ok
test_cargo_target_growth_counts_against_eight_gib (__main__.DeadlineAndDiskTests.test_cargo_target_growth_counts_against_eight_gib) ... ok
test_disk_floor_and_exact_growth_boundary_are_accepted (__main__.DeadlineAndDiskTests.test_disk_floor_and_exact_growth_boundary_are_accepted) ... ok
test_disk_floor_violation_is_rejected (__main__.DeadlineAndDiskTests.test_disk_floor_violation_is_rejected) ... ok
test_missing_or_decreasing_target_measurement_is_unknown (__main__.DeadlineAndDiskTests.test_missing_or_decreasing_target_measurement_is_unknown) ... ok
test_new_phase_cannot_restart_expired_total (__main__.DeadlineAndDiskTests.test_new_phase_cannot_restart_expired_total) ... ok
test_nonfinite_clock_is_rejected (__main__.DeadlineAndDiskTests.test_nonfinite_clock_is_rejected) ... ok
test_phase_uses_minimum_of_local_and_remaining_total (__main__.DeadlineAndDiskTests.test_phase_uses_minimum_of_local_and_remaining_total) ... ok
test_archive_absolute_name_is_rejected (__main__.EnvironmentAndArchiveTests.test_archive_absolute_name_is_rejected) ... ok
test_archive_cross_package_file_collision_is_rejected (__main__.EnvironmentAndArchiveTests.test_archive_cross_package_file_collision_is_rejected) ... ok
test_archive_link_redirect_before_later_file_is_rejected (__main__.EnvironmentAndArchiveTests.test_archive_link_redirect_before_later_file_is_rejected) ... ok
test_archive_parent_traversal_is_rejected (__main__.EnvironmentAndArchiveTests.test_archive_parent_traversal_is_rejected) ... ok
test_archive_setuid_is_rejected (__main__.EnvironmentAndArchiveTests.test_archive_setuid_is_rejected) ... ok
test_archive_shared_ordinary_directory_is_accepted (__main__.EnvironmentAndArchiveTests.test_archive_shared_ordinary_directory_is_accepted) ... ok
test_child_environment_has_exact_keys_without_ambient_capabilities (__main__.EnvironmentAndArchiveTests.test_child_environment_has_exact_keys_without_ambient_capabilities) ... ok
test_only_supplied_loopback_barrier_is_added (__main__.EnvironmentAndArchiveTests.test_only_supplied_loopback_barrier_is_added) ... ok
test_changed_executable_hash_is_rejected (__main__.IdentityTests.test_changed_executable_hash_is_rejected) ... ok
test_changed_executable_inode_is_rejected (__main__.IdentityTests.test_changed_executable_inode_is_rejected) ... ok
test_changed_uid_is_rejected (__main__.IdentityTests.test_changed_uid_is_rejected) ... ok
test_exact_running_identity_is_accepted (__main__.IdentityTests.test_exact_running_identity_is_accepted) ... ok
test_reused_pid_start_ticks_is_rejected (__main__.IdentityTests.test_reused_pid_start_ticks_is_rejected) ... ok
test_unreadable_process_identity_is_rejected (__main__.IdentityTests.test_unreadable_process_identity_is_rejected) ... ok
test_alive_exact_identity_cannot_confirm_orphan_cleanup (__main__.OutcomeAndOutputTests.test_alive_exact_identity_cannot_confirm_orphan_cleanup) ... ok
test_independently_observed_gone_identity_can_confirm_non_running_only (__main__.OutcomeAndOutputTests.test_independently_observed_gone_identity_can_confirm_non_running_only) ... ok
test_missing_registration_cannot_confirm_orphan_cleanup (__main__.OutcomeAndOutputTests.test_missing_registration_cannot_confirm_orphan_cleanup) ... ok
test_only_confirmed_unwired_normal_nonzero_red_is_expected (__main__.OutcomeAndOutputTests.test_only_confirmed_unwired_normal_nonzero_red_is_expected) ... ok
test_outer_timeout_cannot_be_expected_red (__main__.OutcomeAndOutputTests.test_outer_timeout_cannot_be_expected_red) ... ok
test_output_exact_cap_is_accepted (__main__.OutcomeAndOutputTests.test_output_exact_cap_is_accepted) ... ok
test_output_overflow_is_failure_with_continued_drain (__main__.OutcomeAndOutputTests.test_output_overflow_is_failure_with_continued_drain) ... ok
test_signal_death_cannot_be_expected_red (__main__.OutcomeAndOutputTests.test_signal_death_cannot_be_expected_red) ... ok
test_unknown_database_cleanup_cannot_be_expected_red (__main__.OutcomeAndOutputTests.test_unknown_database_cleanup_cannot_be_expected_red) ... ok

----------------------------------------------------------------------
Ran 53 tests in 0.002s

OK
