test_arbitrary_command_and_url_fields_are_rejected (__main__.ApprovalDecisionTests.test_arbitrary_command_and_url_fields_are_rejected) ... ok
test_boolean_schema_version_is_rejected (__main__.ApprovalDecisionTests.test_boolean_schema_version_is_rejected) ... ok
test_bootstrap_bound_to_independent_approval_digest_is_accepted (__main__.ApprovalDecisionTests.test_bootstrap_bound_to_independent_approval_digest_is_accepted) ... ok
test_bootstrap_cannot_claim_existing_root_or_executable (__main__.ApprovalDecisionTests.test_bootstrap_cannot_claim_existing_root_or_executable) ... ok
test_bootstrap_resume_rejects_nonnull_test_executable (__main__.ApprovalDecisionTests.test_bootstrap_resume_rejects_nonnull_test_executable) ... ok
test_bootstrap_resume_requires_canonical_owned_root (__main__.ApprovalDecisionTests.test_bootstrap_resume_requires_canonical_owned_root) ... ok
test_bootstrap_resume_with_exact_owned_root_and_null_test_is_accepted (__main__.ApprovalDecisionTests.test_bootstrap_resume_with_exact_owned_root_and_null_test_is_accepted) ... ok
test_independent_approval_digest_mismatch_is_rejected (__main__.ApprovalDecisionTests.test_independent_approval_digest_mismatch_is_rejected) ... ok
test_independent_phase_mismatch_is_rejected (__main__.ApprovalDecisionTests.test_independent_phase_mismatch_is_rejected) ... ok
test_malformed_independent_approval_digest_is_rejected (__main__.ApprovalDecisionTests.test_malformed_independent_approval_digest_is_rejected) ... ok
test_malformed_reviewed_hash_is_rejected (__main__.ApprovalDecisionTests.test_malformed_reviewed_hash_is_rejected) ... ok
test_missing_approval_field_is_rejected (__main__.ApprovalDecisionTests.test_missing_approval_field_is_rejected) ... ok
test_noncanonical_approval_run_id_is_rejected (__main__.ApprovalDecisionTests.test_noncanonical_approval_run_id_is_rejected) ... ok
test_nonobject_approval_is_rejected (__main__.ApprovalDecisionTests.test_nonobject_approval_is_rejected) ... ok
test_self_asserted_approval_digest_field_is_rejected (__main__.ApprovalDecisionTests.test_self_asserted_approval_digest_field_is_rejected) ... ok
test_supervise_rejects_noncanonical_or_foreign_root (__main__.ApprovalDecisionTests.test_supervise_rejects_noncanonical_or_foreign_root) ... ok
test_supervise_rejects_unapproved_executable_or_extra_identity_key (__main__.ApprovalDecisionTests.test_supervise_rejects_unapproved_executable_or_extra_identity_key) ... ok
test_supervise_requires_root_and_executable (__main__.ApprovalDecisionTests.test_supervise_requires_root_and_executable) ... ok
test_supervise_with_exact_owned_root_and_executable_is_accepted (__main__.ApprovalDecisionTests.test_supervise_with_exact_owned_root_and_executable_is_accepted) ... ok
test_unrecognized_phase_is_rejected (__main__.ApprovalDecisionTests.test_unrecognized_phase_is_rejected) ... ok
test_wrong_approval_outcome_or_scope_is_rejected (__main__.ApprovalDecisionTests.test_wrong_approval_outcome_or_scope_is_rejected) ... ok
test_artifact_escape_and_prefix_lookalike_are_rejected (__main__.CargoArtifactDecisionTests.test_artifact_escape_and_prefix_lookalike_are_rejected) ... ok
test_foreign_target_root_is_rejected (__main__.CargoArtifactDecisionTests.test_foreign_target_root_is_rejected) ... ok
test_malformed_and_nonobject_cargo_json_are_rejected (__main__.CargoArtifactDecisionTests.test_malformed_and_nonobject_cargo_json_are_rejected) ... ok
test_matching_profile_test_must_be_boolean_true (__main__.CargoArtifactDecisionTests.test_matching_profile_test_must_be_boolean_true) ... ok
test_matching_target_without_test_kind_is_rejected (__main__.CargoArtifactDecisionTests.test_matching_target_without_test_kind_is_rejected) ... ok
test_matching_test_artifact_returns_path_without_claiming_hash (__main__.CargoArtifactDecisionTests.test_matching_test_artifact_returns_path_without_claiming_hash) ... ok
test_matching_utf8_bytes_artifact_is_accepted (__main__.CargoArtifactDecisionTests.test_matching_utf8_bytes_artifact_is_accepted) ... ok
test_nontext_cargo_input_is_rejected (__main__.CargoArtifactDecisionTests.test_nontext_cargo_input_is_rejected) ... ok
test_oversized_cargo_line_is_rejected (__main__.CargoArtifactDecisionTests.test_oversized_cargo_line_is_rejected) ... ok
test_unrelated_cargo_json_is_skipped (__main__.CargoArtifactDecisionTests.test_unrelated_cargo_json_is_skipped) ... ok
test_unsafe_artifact_basename_and_missing_executable_are_rejected (__main__.CargoArtifactDecisionTests.test_unsafe_artifact_basename_and_missing_executable_are_rejected) ... ok
test_free_space_floor_is_checked_before_incomplete_growth_snapshot (__main__.DiskTreeRetryTests.test_free_space_floor_is_checked_before_incomplete_growth_snapshot) ... ok
test_one_missing_entry_retries_complete_tree_and_discards_partial_count (__main__.DiskTreeRetryTests.test_one_missing_entry_retries_complete_tree_and_discards_partial_count) ... ok
test_retry_cannot_restart_original_deadline_before_second_scan (__main__.DiskTreeRetryTests.test_retry_cannot_restart_original_deadline_before_second_scan) ... ok
test_second_missing_entry_stops_after_one_complete_tree_retry (__main__.DiskTreeRetryTests.test_second_missing_entry_stops_after_one_complete_tree_retry) ... ok
test_closure_duplicate_or_empty_requirement_is_rejected (__main__.ElfInspectionDecisionTests.test_closure_duplicate_or_empty_requirement_is_rejected) ... ok
test_closure_unknown_or_missing_key_is_rejected (__main__.ElfInspectionDecisionTests.test_closure_unknown_or_missing_key_is_rejected) ... ok
test_exact_executable_elf_closure_is_reduced_without_execution (__main__.ElfInspectionDecisionTests.test_exact_executable_elf_closure_is_reduced_without_execution) ... ok
test_extra_missing_and_duplicate_needed_entries_are_rejected (__main__.ElfInspectionDecisionTests.test_extra_missing_and_duplicate_needed_entries_are_rejected) ... ok
test_malformed_or_empty_elf_text_is_rejected (__main__.ElfInspectionDecisionTests.test_malformed_or_empty_elf_text_is_rejected) ... ok
test_nonbytes_or_non_ascii_elf_text_is_rejected (__main__.ElfInspectionDecisionTests.test_nonbytes_or_non_ascii_elf_text_is_rejected) ... ok
test_oversized_elf_text_is_rejected (__main__.ElfInspectionDecisionTests.test_oversized_elf_text_is_rejected) ... ok
test_rpath_runpath_and_textrel_are_rejected (__main__.ElfInspectionDecisionTests.test_rpath_runpath_and_textrel_are_rejected) ... ok
test_same_version_name_from_two_exact_providers_is_accepted (__main__.ElfInspectionDecisionTests.test_same_version_name_from_two_exact_providers_is_accepted) ... ok
test_shared_library_without_interpreter_is_accepted (__main__.ElfInspectionDecisionTests.test_shared_library_without_interpreter_is_accepted) ... ok
test_unapproved_or_missing_version_need_is_rejected (__main__.ElfInspectionDecisionTests.test_unapproved_or_missing_version_need_is_rejected) ... ok
test_unknown_or_duplicate_interpreter_is_rejected (__main__.ElfInspectionDecisionTests.test_unknown_or_duplicate_interpreter_is_rejected) ... ok
test_version_need_cannot_be_attributed_to_wrong_library (__main__.ElfInspectionDecisionTests.test_version_need_cannot_be_attributed_to_wrong_library) ... ok
test_wrong_elf_class_endianness_and_machine_are_rejected (__main__.ElfInspectionDecisionTests.test_wrong_elf_class_endianness_and_machine_are_rejected) ... ok
test_control_output_exact_64k_boundary_is_accepted (__main__.OfflineControlDecisionTests.test_control_output_exact_64k_boundary_is_accepted) ... ok
test_duplicate_identifier_is_rejected (__main__.OfflineControlDecisionTests.test_duplicate_identifier_is_rejected) ... ok
test_extra_identifier_tokens_are_rejected (__main__.OfflineControlDecisionTests.test_extra_identifier_tokens_are_rejected) ... ok
test_identifier_among_other_control_lines_is_accepted (__main__.OfflineControlDecisionTests.test_identifier_among_other_control_lines_is_accepted) ... ok
test_missing_identifier_is_rejected (__main__.OfflineControlDecisionTests.test_missing_identifier_is_rejected) ... ok
test_non_ascii_control_output_is_rejected (__main__.OfflineControlDecisionTests.test_non_ascii_control_output_is_rejected) ... ok
test_nonbytes_control_output_is_rejected (__main__.OfflineControlDecisionTests.test_nonbytes_control_output_is_rejected) ... ok
test_oversized_control_output_is_rejected (__main__.OfflineControlDecisionTests.test_oversized_control_output_is_rejected) ... ok
test_single_offline_identifier_is_reduced_to_decimal_string (__main__.OfflineControlDecisionTests.test_single_offline_identifier_is_reduced_to_decimal_string) ... ok
test_zero_negative_and_nondecimal_identifier_are_rejected (__main__.OfflineControlDecisionTests.test_zero_negative_and_nondecimal_identifier_are_rejected) ... ok
test_duplicate_selected_field_is_rejected (__main__.PackageMetadataDecisionTests.test_duplicate_selected_field_is_rejected) ... ok
test_each_protected_package_field_mismatch_is_rejected (__main__.PackageMetadataDecisionTests.test_each_protected_package_field_mismatch_is_rejected) ... ok
test_exact_nonnull_predependency_is_accepted (__main__.PackageMetadataDecisionTests.test_exact_nonnull_predependency_is_accepted) ... ok
test_missing_or_duplicate_selected_paragraph_is_rejected (__main__.PackageMetadataDecisionTests.test_missing_or_duplicate_selected_paragraph_is_rejected) ... ok
test_missing_selected_field_is_rejected (__main__.PackageMetadataDecisionTests.test_missing_selected_field_is_rejected) ... ok
test_nonbytes_or_non_ascii_package_index_is_rejected (__main__.PackageMetadataDecisionTests.test_nonbytes_or_non_ascii_package_index_is_rejected) ... ok
test_oversized_package_index_is_rejected (__main__.PackageMetadataDecisionTests.test_oversized_package_index_is_rejected) ... ok
test_pin_package_order_and_count_must_be_exact (__main__.PackageMetadataDecisionTests.test_pin_package_order_and_count_must_be_exact) ... ok
test_pin_unknown_or_missing_key_is_rejected (__main__.PackageMetadataDecisionTests.test_pin_unknown_or_missing_key_is_rejected) ... ok
test_selected_protected_field_continuation_is_rejected (__main__.PackageMetadataDecisionTests.test_selected_protected_field_continuation_is_rejected) ... ok
test_three_exact_package_paragraphs_are_accepted (__main__.PackageMetadataDecisionTests.test_three_exact_package_paragraphs_are_accepted) ... ok
test_unexpected_predependency_is_rejected (__main__.PackageMetadataDecisionTests.test_unexpected_predependency_is_rejected) ... ok
test_unrelated_package_paragraph_is_permitted (__main__.PackageMetadataDecisionTests.test_unrelated_package_paragraph_is_permitted) ... ok
test_duplicate_release_entry_or_section_is_rejected (__main__.ReleaseMetadataDecisionTests.test_duplicate_release_entry_or_section_is_rejected) ... ok
test_exact_signed_snapshot_packages_entry_is_accepted (__main__.ReleaseMetadataDecisionTests.test_exact_signed_snapshot_packages_entry_is_accepted) ... ok
test_malformed_release_hash_and_size_are_rejected (__main__.ReleaseMetadataDecisionTests.test_malformed_release_hash_and_size_are_rejected) ... ok
test_missing_or_wrong_path_release_entry_is_rejected (__main__.ReleaseMetadataDecisionTests.test_missing_or_wrong_path_release_entry_is_rejected) ... ok
test_nonbytes_and_non_ascii_release_are_rejected (__main__.ReleaseMetadataDecisionTests.test_nonbytes_and_non_ascii_release_are_rejected) ... ok
test_oversized_release_is_rejected (__main__.ReleaseMetadataDecisionTests.test_oversized_release_is_rejected) ... ok
test_release_entry_hash_and_size_mismatch_are_rejected (__main__.ReleaseMetadataDecisionTests.test_release_entry_hash_and_size_mismatch_are_rejected) ... ok
test_release_entry_under_wrong_hash_section_is_rejected (__main__.ReleaseMetadataDecisionTests.test_release_entry_under_wrong_hash_section_is_rejected) ... ok
test_unrelated_entries_and_sections_are_allowed (__main__.ReleaseMetadataDecisionTests.test_unrelated_entries_and_sections_are_allowed) ... ok
test_cargo_stage_without_statement_is_rejected (__main__.RequestDecisionTests.test_cargo_stage_without_statement_is_rejected) ... ok
test_compile_request_cannot_supply_executable_hash (__main__.RequestDecisionTests.test_compile_request_cannot_supply_executable_hash) ... ok
test_compile_stage_requires_null_artifact_and_cargo_statement (__main__.RequestDecisionTests.test_compile_stage_requires_null_artifact_and_cargo_statement) ... ok
test_each_noncompile_stage_with_exact_bindings_is_accepted (__main__.RequestDecisionTests.test_each_noncompile_stage_with_exact_bindings_is_accepted) ... ok
test_malformed_cargo_statement_is_rejected (__main__.RequestDecisionTests.test_malformed_cargo_statement_is_rejected) ... ok
test_matching_noncanonical_request_run_id_is_rejected (__main__.RequestDecisionTests.test_matching_noncanonical_request_run_id_is_rejected) ... ok
test_noncargo_stage_with_statement_is_rejected (__main__.RequestDecisionTests.test_noncargo_stage_with_statement_is_rejected) ... ok
test_nonobject_request_and_hash_observations_are_rejected (__main__.RequestDecisionTests.test_nonobject_request_and_hash_observations_are_rejected) ... ok
test_request_boolean_schema_version_is_rejected (__main__.RequestDecisionTests.test_request_boolean_schema_version_is_rejected) ... ok
test_request_extra_or_missing_field_is_rejected (__main__.RequestDecisionTests.test_request_extra_or_missing_field_is_rejected) ... ok
test_request_independent_hash_inventory_must_be_exact (__main__.RequestDecisionTests.test_request_independent_hash_inventory_must_be_exact) ... ok
test_request_independent_hash_mismatch_is_rejected (__main__.RequestDecisionTests.test_request_independent_hash_mismatch_is_rejected) ... ok
test_request_malformed_matching_hash_is_rejected (__main__.RequestDecisionTests.test_request_malformed_matching_hash_is_rejected) ... ok
test_request_run_and_stage_mismatch_are_rejected (__main__.RequestDecisionTests.test_request_run_and_stage_mismatch_are_rejected) ... ok
test_request_unknown_stage_is_rejected (__main__.RequestDecisionTests.test_request_unknown_stage_is_rejected) ... ok
test_request_wrong_outcome_is_rejected (__main__.RequestDecisionTests.test_request_wrong_outcome_is_rejected) ... ok
test_runtime_red_with_exact_independent_hashes_is_accepted (__main__.RequestDecisionTests.test_runtime_red_with_exact_independent_hashes_is_accepted) ... ok
test_runtime_request_cannot_omit_executable_hash (__main__.RequestDecisionTests.test_runtime_request_cannot_omit_executable_hash) ... ok
test_actual_os_returncode_mismatch_cannot_be_hidden_by_receipt (__main__.TestReceiptDecisionTests.test_actual_os_returncode_mismatch_cannot_be_hidden_by_receipt) ... ok
test_boolean_schema_exit_status_and_counts_are_rejected (__main__.TestReceiptDecisionTests.test_boolean_schema_exit_status_and_counts_are_rejected) ... ok
test_case_concurrency_overflow_is_rejected (__main__.TestReceiptDecisionTests.test_case_concurrency_overflow_is_rejected) ... ok
test_case_launch_budget_cannot_be_widened_by_matching_counts (__main__.TestReceiptDecisionTests.test_case_launch_budget_cannot_be_widened_by_matching_counts) ... ok
test_child_exit_code_and_signal_require_one_confirmed_alternative (__main__.TestReceiptDecisionTests.test_child_exit_code_and_signal_require_one_confirmed_alternative) ... ok
test_database_create_or_cleanup_unknown_is_rejected (__main__.TestReceiptDecisionTests.test_database_create_or_cleanup_unknown_is_rejected) ... ok
test_distinct_child_identity_pairs_may_share_start_ticks (__main__.TestReceiptDecisionTests.test_distinct_child_identity_pairs_may_share_start_ticks) ... ok
test_duplicate_child_owner_or_handshake_is_rejected (__main__.TestReceiptDecisionTests.test_duplicate_child_owner_or_handshake_is_rejected) ... ok
test_duplicate_independently_reported_child_identity_is_rejected (__main__.TestReceiptDecisionTests.test_duplicate_independently_reported_child_identity_is_rejected) ... ok
test_expected_context_and_registry_keys_must_be_exact (__main__.TestReceiptDecisionTests.test_expected_context_and_registry_keys_must_be_exact) ... ok
test_expected_exit_code_cannot_replace_actual_os_status (__main__.TestReceiptDecisionTests.test_expected_exit_code_cannot_replace_actual_os_status) ... ok
test_expected_red_with_independent_os_status_and_cleanup_is_accepted (__main__.TestReceiptDecisionTests.test_expected_red_with_independent_os_status_and_cleanup_is_accepted) ... ok
test_forced_expiry_labels_are_exact_for_red_and_green (__main__.TestReceiptDecisionTests.test_forced_expiry_labels_are_exact_for_red_and_green) ... ok
test_green_four_with_five_exact_children_is_accepted (__main__.TestReceiptDecisionTests.test_green_four_with_five_exact_children_is_accepted) ... ok
test_green_last_with_three_exact_children_is_accepted (__main__.TestReceiptDecisionTests.test_green_last_with_three_exact_children_is_accepted) ... ok
test_incomplete_or_overflowing_child_output_is_rejected (__main__.TestReceiptDecisionTests.test_incomplete_or_overflowing_child_output_is_rejected) ... ok
test_independent_child_identity_mode_owner_handshake_mismatch_is_rejected (__main__.TestReceiptDecisionTests.test_independent_child_identity_mode_owner_handshake_mismatch_is_rejected) ... ok
test_independent_database_identity_mismatch_is_rejected (__main__.TestReceiptDecisionTests.test_independent_database_identity_mismatch_is_rejected) ... ok
test_invalid_database_oid_owner_and_system_id_are_rejected (__main__.TestReceiptDecisionTests.test_invalid_database_oid_owner_and_system_id_are_rejected) ... ok
test_matching_malformed_child_identity_is_rejected (__main__.TestReceiptDecisionTests.test_matching_malformed_child_identity_is_rejected) ... ok
test_matching_wrong_stage_mode_inventory_is_rejected (__main__.TestReceiptDecisionTests.test_matching_wrong_stage_mode_inventory_is_rejected) ... ok
test_missing_extra_and_duplicate_children_are_rejected (__main__.TestReceiptDecisionTests.test_missing_extra_and_duplicate_children_are_rejected) ... ok
test_nested_database_and_child_keys_must_be_exact (__main__.TestReceiptDecisionTests.test_nested_database_and_child_keys_must_be_exact) ... ok
test_nonobject_receipt_context_or_registry_is_rejected (__main__.TestReceiptDecisionTests.test_nonobject_receipt_context_or_registry_is_rejected) ... ok
test_observed_registry_counts_must_match_receipt_and_case (__main__.TestReceiptDecisionTests.test_observed_registry_counts_must_match_receipt_and_case) ... ok
test_obsolete_database_shape_and_wrong_run_prefix_are_rejected (__main__.TestReceiptDecisionTests.test_obsolete_database_shape_and_wrong_run_prefix_are_rejected) ... ok
test_receipt_cannot_claim_an_outer_returncode_field (__main__.TestReceiptDecisionTests.test_receipt_cannot_claim_an_outer_returncode_field) ... ok
test_receipt_missing_top_level_field_is_rejected (__main__.TestReceiptDecisionTests.test_receipt_missing_top_level_field_is_rejected) ... ok
test_receipt_reap_and_database_cleanup_must_be_boolean_true (__main__.TestReceiptDecisionTests.test_receipt_reap_and_database_cleanup_must_be_boolean_true) ... ok
test_red_outcome_cause_child_mode_and_status_are_exact (__main__.TestReceiptDecisionTests.test_red_outcome_cause_child_mode_and_status_are_exact) ... ok
test_registry_completion_and_cleanup_must_be_boolean_true (__main__.TestReceiptDecisionTests.test_registry_completion_and_cleanup_must_be_boolean_true) ... ok
test_run_launch_and_case_mismatch_are_rejected (__main__.TestReceiptDecisionTests.test_run_launch_and_case_mismatch_are_rejected) ... ok
test_unadmitted_expected_stage_is_rejected (__main__.TestReceiptDecisionTests.test_unadmitted_expected_stage_is_rejected) ... ok
test_unknown_timeout_or_output_overflow_is_never_success (__main__.TestReceiptDecisionTests.test_unknown_timeout_or_output_overflow_is_never_success) ... ok
test_unregistered_unreaped_or_unknown_child_is_rejected (__main__.TestReceiptDecisionTests.test_unregistered_unreaped_or_unknown_child_is_rejected) ... ok
test_wrong_stage_child_exit_pattern_is_rejected (__main__.TestReceiptDecisionTests.test_wrong_stage_child_exit_pattern_is_rejected) ... ok

----------------------------------------------------------------------
Ran 136 tests in 0.116s

OK
