test_normalizer_canonicalizes_dot_root_directory (__main__.ArchiveNormalizationIntegrationTests.test_normalizer_canonicalizes_dot_root_directory) ... ok
test_normalizer_canonicalizes_dot_slash_root_directory (__main__.ArchiveNormalizationIntegrationTests.test_normalizer_canonicalizes_dot_slash_root_directory) ... ok
test_normalizer_rejects_absolute_hardlink_target (__main__.ArchiveNormalizationIntegrationTests.test_normalizer_rejects_absolute_hardlink_target) ... ok
test_normalizer_rejects_alias_duplicate_file (__main__.ArchiveNormalizationIntegrationTests.test_normalizer_rejects_alias_duplicate_file) ... ok
test_normalizer_rejects_cyclic_existing_target (__main__.ArchiveNormalizationIntegrationTests.test_normalizer_rejects_cyclic_existing_target) ... ok
test_normalizer_rejects_dot_root_file (__main__.ArchiveNormalizationIntegrationTests.test_normalizer_rejects_dot_root_file) ... ok
test_normalizer_rejects_escaping_symlink_target (__main__.ArchiveNormalizationIntegrationTests.test_normalizer_rejects_escaping_symlink_target) ... ok
test_normalizer_rejects_hardlink_to_directory (__main__.ArchiveNormalizationIntegrationTests.test_normalizer_rejects_hardlink_to_directory) ... ok
test_normalizer_rejects_member_parent_traversal_before_normalization (__main__.ArchiveNormalizationIntegrationTests.test_normalizer_rejects_member_parent_traversal_before_normalization) ... ok
test_normalizer_rejects_missing_ancestor (__main__.ArchiveNormalizationIntegrationTests.test_normalizer_rejects_missing_ancestor) ... ok
test_normalizer_rejects_self_link (__main__.ArchiveNormalizationIntegrationTests.test_normalizer_rejects_self_link) ... ok
test_normalizer_rejects_target_path_through_prior_link (__main__.ArchiveNormalizationIntegrationTests.test_normalizer_rejects_target_path_through_prior_link) ... ok
test_normalizer_rejects_unknown_target (__main__.ArchiveNormalizationIntegrationTests.test_normalizer_rejects_unknown_target) ... ok
test_normalizer_removes_leading_dot_slash (__main__.ArchiveNormalizationIntegrationTests.test_normalizer_removes_leading_dot_slash) ... ok
test_normalizer_returns_canonical_ordinary_file (__main__.ArchiveNormalizationIntegrationTests.test_normalizer_returns_canonical_ordinary_file) ... ok
test_normalizer_returns_internal_hardlink_target_in_archive_namespace (__main__.ArchiveNormalizationIntegrationTests.test_normalizer_returns_internal_hardlink_target_in_archive_namespace) ... ok
test_normalizer_returns_internal_symlink_target_and_relative_link (__main__.ArchiveNormalizationIntegrationTests.test_normalizer_returns_internal_symlink_target_and_relative_link) ... ok
test_absolute_link_is_rejected (__main__.ArchiveReducerIntegrationTests.test_absolute_link_is_rejected) ... ok
test_escaping_link_is_rejected (__main__.ArchiveReducerIntegrationTests.test_escaping_link_is_rejected) ... ok
test_existing_ordinary_directory_can_be_shared (__main__.ArchiveReducerIntegrationTests.test_existing_ordinary_directory_can_be_shared) ... ok
test_leading_dot_slash_regular_file_is_accepted (__main__.ArchiveReducerIntegrationTests.test_leading_dot_slash_regular_file_is_accepted) ... ok
test_member_cannot_traverse_prior_symlink_directory (__main__.ArchiveReducerIntegrationTests.test_member_cannot_traverse_prior_symlink_directory) ... ok
test_missing_directory_ancestor_is_rejected (__main__.ArchiveReducerIntegrationTests.test_missing_directory_ancestor_is_rejected) ... ok
test_normalized_duplicate_file_is_rejected (__main__.ArchiveReducerIntegrationTests.test_normalized_duplicate_file_is_rejected) ... ok
test_ordinary_file_with_validated_directory_ancestors_is_accepted (__main__.ArchiveReducerIntegrationTests.test_ordinary_file_with_validated_directory_ancestors_is_accepted) ... ok
test_safe_internal_existing_file_hardlink_is_accepted (__main__.ArchiveReducerIntegrationTests.test_safe_internal_existing_file_hardlink_is_accepted) ... ok
test_safe_internal_existing_file_symlink_is_accepted (__main__.ArchiveReducerIntegrationTests.test_safe_internal_existing_file_symlink_is_accepted) ... ok
test_tar_dot_root_directory_is_accepted (__main__.ArchiveReducerIntegrationTests.test_tar_dot_root_directory_is_accepted) ... ok
test_tar_dot_root_file_is_rejected (__main__.ArchiveReducerIntegrationTests.test_tar_dot_root_file_is_rejected) ... ok
test_tar_dot_slash_root_directory_is_accepted (__main__.ArchiveReducerIntegrationTests.test_tar_dot_slash_root_directory_is_accepted) ... ok
test_unknown_link_target_is_rejected (__main__.ArchiveReducerIntegrationTests.test_unknown_link_target_is_rejected) ... ok
test_canonical_run_prefix_and_database_uuid_are_accepted (__main__.DatabaseNameIntegrationTests.test_canonical_run_prefix_and_database_uuid_are_accepted) ... ok
test_non_lowercase_database_name_is_rejected (__main__.DatabaseNameIntegrationTests.test_non_lowercase_database_name_is_rejected) ... ok
test_obsolete_database_uuid_without_run_prefix_is_rejected (__main__.DatabaseNameIntegrationTests.test_obsolete_database_uuid_without_run_prefix_is_rejected) ... ok

----------------------------------------------------------------------
Ran 34 tests in 0.001s

OK
