seed=20260930; window=20; scales=[32, 256, 1024]; dense=exact cosine over every Unit, top-window Unit hits, Source Read, parent fold; fusion=S1 PriorityConcat in planner order; timings n=7 per arm/scale (descriptive only)
model=e5 load_ms=229.8 rss_before_kib=2880 rss_loaded_kib=858720
measure model=e5 scale=32 units=33 dense_build_ms=211.5 dense_query_p50_ms=11.97 dense_query_max_ms=12.41 rss_kib=904512
score model=e5 scale=32 arm=D recall@1=0.4375 recall@5=0.6875 recall@10=0.9375 recall@20=0.9375 mrr@10=1.0000 ndcg@10=0.7792 visible_false_positives={"qaccess": 11, "qfalse": 11, "qnone": 11} unauthorized_disclosures={"q0": 0, "q1": 0, "q2": 0, "qaccess": 0, "qfalse": 0, "qnone": 0, "qpart": 0}
trace model=e5 scale=32 arm=D query=q0 ranks=[1, 0, 21, 20, 11, 10, 2, 3, 13, 30, 31]
trace model=e5 scale=32 arm=D query=q1 ranks=[11, 10, 2, 3, 12, 21, 13, 23]
trace model=e5 scale=32 arm=D query=q2 ranks=[21, 20, 10, 11, 0, 3, 13, 23, 2, 12, 1]
trace model=e5 scale=32 arm=D query=qpart ranks=[0, 20, 10, 11, 21, 22, 23, 12, 2]
trace model=e5 scale=32 arm=D query=qnone ranks=[3, 2, 13, 12, 22, 23, 20, 10, 11, 21, 0]
trace model=e5 scale=32 arm=D query=qaccess ranks=[22, 2, 3, 13, 23, 12, 20, 10, 21, 0, 31]
trace model=e5 scale=32 arm=D query=qfalse ranks=[20, 21, 2, 3, 0, 13, 11, 12, 10, 23, 22]
score model=e5 scale=32 arm=L recall@1=0.4375 recall@5=0.6250 recall@10=0.6250 recall@20=0.6250 mrr@10=1.0000 ndcg@10=0.7497 visible_false_positives={"qaccess": 0, "qfalse": 1, "qnone": 0} unauthorized_disclosures={"q0": 0, "q1": 0, "q2": 0, "qaccess": 0, "qfalse": 0, "qnone": 0, "qpart": 0}
trace model=e5 scale=32 arm=L query=q0 ranks=[0, 1]
trace model=e5 scale=32 arm=L query=q1 ranks=[10, 11]
trace model=e5 scale=32 arm=L query=q2 ranks=[20, 21]
trace model=e5 scale=32 arm=L query=qpart ranks=[0]
trace model=e5 scale=32 arm=L query=qnone ranks=[]
trace model=e5 scale=32 arm=L query=qaccess ranks=[]
trace model=e5 scale=32 arm=L query=qfalse ranks=[31]
score model=e5 scale=32 arm=LD recall@1=0.4375 recall@5=0.6875 recall@10=0.9375 recall@20=0.9375 mrr@10=1.0000 ndcg@10=0.8622 visible_false_positives={"qaccess": 11, "qfalse": 12, "qnone": 11} unauthorized_disclosures={"q0": 0, "q1": 0, "q2": 0, "qaccess": 0, "qfalse": 0, "qnone": 0, "qpart": 0}
trace model=e5 scale=32 arm=LD query=q0 ranks=[0, 1, 21, 20, 11, 10, 2, 3, 13, 30, 31]
trace model=e5 scale=32 arm=LD query=q1 ranks=[10, 11, 2, 3, 12, 21, 13, 23]
trace model=e5 scale=32 arm=LD query=q2 ranks=[20, 21, 10, 11, 0, 3, 13, 23, 2, 12, 1]
trace model=e5 scale=32 arm=LD query=qpart ranks=[0, 20, 10, 11, 21, 22, 23, 12, 2]
trace model=e5 scale=32 arm=LD query=qnone ranks=[3, 2, 13, 12, 22, 23, 20, 10, 11, 21, 0]
trace model=e5 scale=32 arm=LD query=qaccess ranks=[22, 2, 3, 13, 23, 12, 20, 10, 21, 0, 31]
trace model=e5 scale=32 arm=LD query=qfalse ranks=[31, 20, 21, 2, 3, 0, 13, 11, 12, 10, 23, 22]
score model=e5 scale=32 arm=LDG recall@1=0.4375 recall@5=0.6875 recall@10=0.9375 recall@20=1.0000 mrr@10=1.0000 ndcg@10=0.8622 visible_false_positives={"qaccess": 11, "qfalse": 12, "qnone": 11} unauthorized_disclosures={"q0": 0, "q1": 0, "q2": 0, "qaccess": 0, "qfalse": 0, "qnone": 0, "qpart": 0}
trace model=e5 scale=32 arm=LDG query=q0 ranks=[0, 1, 21, 20, 11, 10, 2, 3, 13, 30, 31]
trace model=e5 scale=32 arm=LDG query=q1 ranks=[10, 11, 2, 3, 12, 21, 13, 23]
trace model=e5 scale=32 arm=LDG query=q2 ranks=[20, 21, 10, 11, 0, 3, 13, 23, 2, 12, 1, 22]
trace model=e5 scale=32 arm=LDG query=qpart ranks=[0, 20, 10, 11, 21, 22, 23, 12, 2]
trace model=e5 scale=32 arm=LDG query=qnone ranks=[3, 2, 13, 12, 22, 23, 20, 10, 11, 21, 0]
trace model=e5 scale=32 arm=LDG query=qaccess ranks=[22, 2, 3, 13, 23, 12, 20, 10, 21, 0, 31]
trace model=e5 scale=32 arm=LDG query=qfalse ranks=[31, 20, 21, 2, 3, 0, 13, 11, 12, 10, 23, 22]
score model=e5 scale=32 arm=LG recall@1=0.4375 recall@5=1.0000 recall@10=1.0000 recall@20=1.0000 mrr@10=1.0000 ndcg@10=0.9706 visible_false_positives={"qaccess": 0, "qfalse": 1, "qnone": 0} unauthorized_disclosures={"q0": 0, "q1": 0, "q2": 0, "qaccess": 0, "qfalse": 0, "qnone": 0, "qpart": 0}
trace model=e5 scale=32 arm=LG query=q0 ranks=[0, 1, 2, 3]
trace model=e5 scale=32 arm=LG query=q1 ranks=[10, 11, 12, 13]
trace model=e5 scale=32 arm=LG query=q2 ranks=[20, 21, 22, 23]
trace model=e5 scale=32 arm=LG query=qpart ranks=[0]
trace model=e5 scale=32 arm=LG query=qnone ranks=[]
trace model=e5 scale=32 arm=LG query=qaccess ranks=[]
trace model=e5 scale=32 arm=LG query=qfalse ranks=[31]
measure model=e5 scale=256 units=257 dense_build_ms=1360.0 dense_query_p50_ms=11.85 dense_query_max_ms=12.70 rss_kib=916304
score model=e5 scale=256 arm=D recall@1=0.4375 recall@5=0.6250 recall@10=0.6875 recall@20=0.7500 mrr@10=1.0000 ndcg@10=0.7046 visible_false_positives={"qaccess": 15, "qfalse": 16, "qnone": 16} unauthorized_disclosures={"q0": 0, "q1": 0, "q2": 0, "qaccess": 0, "qfalse": 0, "qnone": 0, "qpart": 0}
trace model=e5 scale=256 arm=D query=q0 ranks=[1, 0, 21, 20, 11, 10, 225, 219, 102, 104, 52, 55, 35, 165, 195, 168]
trace model=e5 scale=256 arm=D query=q1 ranks=[11, 10, 102, 35, 219, 2, 51, 46, 3, 12]
trace model=e5 scale=256 arm=D query=q2 ranks=[21, 20, 10, 11, 102, 35, 219, 0, 3, 13, 23]
trace model=e5 scale=256 arm=D query=qpart ranks=[0, 20, 10, 180, 80, 125, 11, 52, 21, 82, 22, 127, 165]
trace model=e5 scale=256 arm=D query=qnone ranks=[3, 2, 13, 12, 22, 23, 20, 10, 101, 166, 49, 129, 11, 21, 120, 111]
trace model=e5 scale=256 arm=D query=qaccess ranks=[22, 2, 3, 13, 23, 12, 20, 222, 102, 191, 149, 35, 219, 52, 122]
trace model=e5 scale=256 arm=D query=qfalse ranks=[20, 21, 2, 3, 0, 13, 11, 12, 10, 110, 23, 91, 107, 130, 186, 200]
score model=e5 scale=256 arm=L recall@1=0.4375 recall@5=0.6250 recall@10=0.6250 recall@20=0.6250 mrr@10=1.0000 ndcg@10=0.7497 visible_false_positives={"qaccess": 0, "qfalse": 1, "qnone": 0} unauthorized_disclosures={"q0": 0, "q1": 0, "q2": 0, "qaccess": 0, "qfalse": 0, "qnone": 0, "qpart": 0}
trace model=e5 scale=256 arm=L query=q0 ranks=[0, 1]
trace model=e5 scale=256 arm=L query=q1 ranks=[10, 11]
trace model=e5 scale=256 arm=L query=q2 ranks=[20, 21]
trace model=e5 scale=256 arm=L query=qpart ranks=[0]
trace model=e5 scale=256 arm=L query=qnone ranks=[]
trace model=e5 scale=256 arm=L query=qaccess ranks=[]
trace model=e5 scale=256 arm=L query=qfalse ranks=[31]
score model=e5 scale=256 arm=LD recall@1=0.4375 recall@5=0.6250 recall@10=0.6875 recall@20=0.7500 mrr@10=1.0000 ndcg@10=0.7876 visible_false_positives={"qaccess": 15, "qfalse": 17, "qnone": 16} unauthorized_disclosures={"q0": 0, "q1": 0, "q2": 0, "qaccess": 0, "qfalse": 0, "qnone": 0, "qpart": 0}
trace model=e5 scale=256 arm=LD query=q0 ranks=[0, 1, 21, 20, 11, 10, 225, 219, 102, 104, 52, 55, 35, 165, 195, 168]
trace model=e5 scale=256 arm=LD query=q1 ranks=[10, 11, 102, 35, 219, 2, 51, 46, 3, 12]
trace model=e5 scale=256 arm=LD query=q2 ranks=[20, 21, 10, 11, 102, 35, 219, 0, 3, 13, 23]
trace model=e5 scale=256 arm=LD query=qpart ranks=[0, 20, 10, 180, 80, 125, 11, 52, 21, 82, 22, 127, 165]
trace model=e5 scale=256 arm=LD query=qnone ranks=[3, 2, 13, 12, 22, 23, 20, 10, 101, 166, 49, 129, 11, 21, 120, 111]
trace model=e5 scale=256 arm=LD query=qaccess ranks=[22, 2, 3, 13, 23, 12, 20, 222, 102, 191, 149, 35, 219, 52, 122]
trace model=e5 scale=256 arm=LD query=qfalse ranks=[31, 20, 21, 2, 3, 0, 13, 11, 12, 10, 110, 23, 91, 107, 130, 186, 200]
score model=e5 scale=256 arm=LDG recall@1=0.4375 recall@5=0.6250 recall@10=0.6875 recall@20=1.0000 mrr@10=1.0000 ndcg@10=0.7876 visible_false_positives={"qaccess": 15, "qfalse": 17, "qnone": 16} unauthorized_disclosures={"q0": 0, "q1": 0, "q2": 0, "qaccess": 0, "qfalse": 0, "qnone": 0, "qpart": 0}
trace model=e5 scale=256 arm=LDG query=q0 ranks=[0, 1, 21, 20, 11, 10, 225, 219, 102, 104, 52, 55, 35, 165, 195, 168, 2, 3]
trace model=e5 scale=256 arm=LDG query=q1 ranks=[10, 11, 102, 35, 219, 2, 51, 46, 3, 12, 13]
trace model=e5 scale=256 arm=LDG query=q2 ranks=[20, 21, 10, 11, 102, 35, 219, 0, 3, 13, 23, 22]
trace model=e5 scale=256 arm=LDG query=qpart ranks=[0, 20, 10, 180, 80, 125, 11, 52, 21, 82, 22, 127, 165]
trace model=e5 scale=256 arm=LDG query=qnone ranks=[3, 2, 13, 12, 22, 23, 20, 10, 101, 166, 49, 129, 11, 21, 120, 111]
trace model=e5 scale=256 arm=LDG query=qaccess ranks=[22, 2, 3, 13, 23, 12, 20, 222, 102, 191, 149, 35, 219, 52, 122]
trace model=e5 scale=256 arm=LDG query=qfalse ranks=[31, 20, 21, 2, 3, 0, 13, 11, 12, 10, 110, 23, 91, 107, 130, 186, 200]
score model=e5 scale=256 arm=LG recall@1=0.4375 recall@5=1.0000 recall@10=1.0000 recall@20=1.0000 mrr@10=1.0000 ndcg@10=0.9706 visible_false_positives={"qaccess": 0, "qfalse": 1, "qnone": 0} unauthorized_disclosures={"q0": 0, "q1": 0, "q2": 0, "qaccess": 0, "qfalse": 0, "qnone": 0, "qpart": 0}
trace model=e5 scale=256 arm=LG query=q0 ranks=[0, 1, 2, 3]
trace model=e5 scale=256 arm=LG query=q1 ranks=[10, 11, 12, 13]
trace model=e5 scale=256 arm=LG query=q2 ranks=[20, 21, 22, 23]
trace model=e5 scale=256 arm=LG query=qpart ranks=[0]
trace model=e5 scale=256 arm=LG query=qnone ranks=[]
trace model=e5 scale=256 arm=LG query=qaccess ranks=[]
trace model=e5 scale=256 arm=LG query=qfalse ranks=[31]
measure model=e5 scale=1024 units=1025 dense_build_ms=5356.8 dense_query_p50_ms=12.04 dense_query_max_ms=12.74 rss_kib=922400
score model=e5 scale=1024 arm=D recall@1=0.4375 recall@5=0.6250 recall@10=0.6250 recall@20=0.6250 mrr@10=1.0000 ndcg@10=0.6667 visible_false_positives={"qaccess": 17, "qfalse": 17, "qnone": 18} unauthorized_disclosures={"q0": 0, "q1": 0, "q2": 0, "qaccess": 0, "qfalse": 0, "qnone": 0, "qpart": 0}
trace model=e5 scale=1024 arm=D query=q0 ranks=[1, 0, 21, 20, 11, 10, 225, 1000, 511, 219, 102, 301, 618, 420, 104, 52]
trace model=e5 scale=1024 arm=D query=q1 ranks=[11, 10, 102, 35, 219, 712, 587, 511, 863, 2, 321]
trace model=e5 scale=1024 arm=D query=q2 ranks=[21, 20, 10, 11, 102, 1010, 35, 517, 219, 1014, 739, 368]
trace model=e5 scale=1024 arm=D query=qpart ranks=[0, 20, 10, 180, 818, 80, 880, 125, 287, 11, 52, 21, 585, 815]
trace model=e5 scale=1024 arm=D query=qnone ranks=[3, 2, 13, 12, 22, 23, 20, 778, 10, 1002, 549, 101, 1009, 166, 49, 129, 609, 292]
trace model=e5 scale=1024 arm=D query=qaccess ranks=[22, 2, 3, 13, 23, 12, 20, 689, 622, 222, 588, 822, 322, 102, 598, 618, 587]
trace model=e5 scale=1024 arm=D query=qfalse ranks=[20, 21, 2, 3, 0, 13, 11, 12, 10, 110, 934, 700, 389, 23, 970, 91, 387]
score model=e5 scale=1024 arm=L recall@1=0.4375 recall@5=0.6250 recall@10=0.6250 recall@20=0.6250 mrr@10=1.0000 ndcg@10=0.7497 visible_false_positives={"qaccess": 0, "qfalse": 1, "qnone": 0} unauthorized_disclosures={"q0": 0, "q1": 0, "q2": 0, "qaccess": 0, "qfalse": 0, "qnone": 0, "qpart": 0}
trace model=e5 scale=1024 arm=L query=q0 ranks=[0, 1]
trace model=e5 scale=1024 arm=L query=q1 ranks=[10, 11]
trace model=e5 scale=1024 arm=L query=q2 ranks=[20, 21]
trace model=e5 scale=1024 arm=L query=qpart ranks=[0]
trace model=e5 scale=1024 arm=L query=qnone ranks=[]
trace model=e5 scale=1024 arm=L query=qaccess ranks=[]
trace model=e5 scale=1024 arm=L query=qfalse ranks=[31]
score model=e5 scale=1024 arm=LD recall@1=0.4375 recall@5=0.6250 recall@10=0.6250 recall@20=0.6250 mrr@10=1.0000 ndcg@10=0.7497 visible_false_positives={"qaccess": 17, "qfalse": 18, "qnone": 18} unauthorized_disclosures={"q0": 0, "q1": 0, "q2": 0, "qaccess": 0, "qfalse": 0, "qnone": 0, "qpart": 0}
trace model=e5 scale=1024 arm=LD query=q0 ranks=[0, 1, 21, 20, 11, 10, 225, 1000, 511, 219, 102, 301, 618, 420, 104, 52]
trace model=e5 scale=1024 arm=LD query=q1 ranks=[10, 11, 102, 35, 219, 712, 587, 511, 863, 2, 321]
trace model=e5 scale=1024 arm=LD query=q2 ranks=[20, 21, 10, 11, 102, 1010, 35, 517, 219, 1014, 739, 368]
trace model=e5 scale=1024 arm=LD query=qpart ranks=[0, 20, 10, 180, 818, 80, 880, 125, 287, 11, 52, 21, 585, 815]
trace model=e5 scale=1024 arm=LD query=qnone ranks=[3, 2, 13, 12, 22, 23, 20, 778, 10, 1002, 549, 101, 1009, 166, 49, 129, 609, 292]
trace model=e5 scale=1024 arm=LD query=qaccess ranks=[22, 2, 3, 13, 23, 12, 20, 689, 622, 222, 588, 822, 322, 102, 598, 618, 587]
trace model=e5 scale=1024 arm=LD query=qfalse ranks=[31, 20, 21, 2, 3, 0, 13, 11, 12, 10, 110, 934, 700, 389, 23, 970, 91, 387]
score model=e5 scale=1024 arm=LDG recall@1=0.4375 recall@5=0.6250 recall@10=0.6250 recall@20=1.0000 mrr@10=1.0000 ndcg@10=0.7497 visible_false_positives={"qaccess": 17, "qfalse": 18, "qnone": 18} unauthorized_disclosures={"q0": 0, "q1": 0, "q2": 0, "qaccess": 0, "qfalse": 0, "qnone": 0, "qpart": 0}
trace model=e5 scale=1024 arm=LDG query=q0 ranks=[0, 1, 21, 20, 11, 10, 225, 1000, 511, 219, 102, 301, 618, 420, 104, 52, 2, 3]
trace model=e5 scale=1024 arm=LDG query=q1 ranks=[10, 11, 102, 35, 219, 712, 587, 511, 863, 2, 321, 12, 13]
trace model=e5 scale=1024 arm=LDG query=q2 ranks=[20, 21, 10, 11, 102, 1010, 35, 517, 219, 1014, 739, 368, 22, 23]
trace model=e5 scale=1024 arm=LDG query=qpart ranks=[0, 20, 10, 180, 818, 80, 880, 125, 287, 11, 52, 21, 585, 815]
trace model=e5 scale=1024 arm=LDG query=qnone ranks=[3, 2, 13, 12, 22, 23, 20, 778, 10, 1002, 549, 101, 1009, 166, 49, 129, 609, 292]
trace model=e5 scale=1024 arm=LDG query=qaccess ranks=[22, 2, 3, 13, 23, 12, 20, 689, 622, 222, 588, 822, 322, 102, 598, 618, 587]
trace model=e5 scale=1024 arm=LDG query=qfalse ranks=[31, 20, 21, 2, 3, 0, 13, 11, 12, 10, 110, 934, 700, 389, 23, 970, 91, 387]
score model=e5 scale=1024 arm=LG recall@1=0.4375 recall@5=1.0000 recall@10=1.0000 recall@20=1.0000 mrr@10=1.0000 ndcg@10=0.9706 visible_false_positives={"qaccess": 0, "qfalse": 1, "qnone": 0} unauthorized_disclosures={"q0": 0, "q1": 0, "q2": 0, "qaccess": 0, "qfalse": 0, "qnone": 0, "qpart": 0}
trace model=e5 scale=1024 arm=LG query=q0 ranks=[0, 1, 2, 3]
trace model=e5 scale=1024 arm=LG query=q1 ranks=[10, 11, 12, 13]
trace model=e5 scale=1024 arm=LG query=q2 ranks=[20, 21, 22, 23]
trace model=e5 scale=1024 arm=LG query=qpart ranks=[0]
trace model=e5 scale=1024 arm=LG query=qnone ranks=[]
trace model=e5 scale=1024 arm=LG query=qaccess ranks=[]
trace model=e5 scale=1024 arm=LG query=qfalse ranks=[31]
model=minilm load_ms=203.4 rss_before_kib=416128 rss_loaded_kib=907600
measure model=minilm scale=32 units=33 dense_build_ms=189.2 dense_query_p50_ms=10.28 dense_query_max_ms=10.57 rss_kib=920688
score model=minilm scale=32 arm=D recall@1=0.4375 recall@5=0.6250 recall@10=0.8750 recall@20=0.8750 mrr@10=1.0000 ndcg@10=0.8276 visible_false_positives={"qaccess": 8, "qfalse": 8, "qnone": 9} unauthorized_disclosures={"q0": 0, "q1": 0, "q2": 0, "qaccess": 0, "qfalse": 0, "qnone": 0, "qpart": 0}
trace model=minilm scale=32 arm=D query=q0 ranks=[1, 0, 11, 21, 10, 2, 3, 20, 13, 23]
trace model=minilm scale=32 arm=D query=q1 ranks=[10, 11, 1, 0, 22, 2]
trace model=minilm scale=32 arm=D query=q2 ranks=[20, 21, 2, 3, 0, 22, 1, 23, 13]
trace model=minilm scale=32 arm=D query=qpart ranks=[0, 10, 1, 20, 21, 12, 13, 11, 3, 2]
trace model=minilm scale=32 arm=D query=qnone ranks=[0, 13, 20, 12, 10, 2, 23, 3, 22]
trace model=minilm scale=32 arm=D query=qaccess ranks=[0, 20, 1, 21, 2, 10, 12, 11]
trace model=minilm scale=32 arm=D query=qfalse ranks=[0, 1, 10, 11, 20, 2, 13, 12]
score model=minilm scale=32 arm=L recall@1=0.4375 recall@5=0.6250 recall@10=0.6250 recall@20=0.6250 mrr@10=1.0000 ndcg@10=0.7497 visible_false_positives={"qaccess": 0, "qfalse": 1, "qnone": 0} unauthorized_disclosures={"q0": 0, "q1": 0, "q2": 0, "qaccess": 0, "qfalse": 0, "qnone": 0, "qpart": 0}
trace model=minilm scale=32 arm=L query=q0 ranks=[0, 1]
trace model=minilm scale=32 arm=L query=q1 ranks=[10, 11]
trace model=minilm scale=32 arm=L query=q2 ranks=[20, 21]
trace model=minilm scale=32 arm=L query=qpart ranks=[0]
trace model=minilm scale=32 arm=L query=qnone ranks=[]
trace model=minilm scale=32 arm=L query=qaccess ranks=[]
trace model=minilm scale=32 arm=L query=qfalse ranks=[31]
score model=minilm scale=32 arm=LD recall@1=0.4375 recall@5=0.6250 recall@10=0.8750 recall@20=0.8750 mrr@10=1.0000 ndcg@10=0.8553 visible_false_positives={"qaccess": 8, "qfalse": 9, "qnone": 9} unauthorized_disclosures={"q0": 0, "q1": 0, "q2": 0, "qaccess": 0, "qfalse": 0, "qnone": 0, "qpart": 0}
trace model=minilm scale=32 arm=LD query=q0 ranks=[0, 1, 11, 21, 10, 2, 3, 20, 13, 23]
trace model=minilm scale=32 arm=LD query=q1 ranks=[10, 11, 1, 0, 22, 2]
trace model=minilm scale=32 arm=LD query=q2 ranks=[20, 21, 2, 3, 0, 22, 1, 23, 13]
trace model=minilm scale=32 arm=LD query=qpart ranks=[0, 10, 1, 20, 21, 12, 13, 11, 3, 2]
trace model=minilm scale=32 arm=LD query=qnone ranks=[0, 13, 20, 12, 10, 2, 23, 3, 22]
trace model=minilm scale=32 arm=LD query=qaccess ranks=[0, 20, 1, 21, 2, 10, 12, 11]
trace model=minilm scale=32 arm=LD query=qfalse ranks=[31, 0, 1, 10, 11, 20, 2, 13, 12]
score model=minilm scale=32 arm=LDG recall@1=0.4375 recall@5=0.6250 recall@10=1.0000 recall@20=1.0000 mrr@10=1.0000 ndcg@10=0.9049 visible_false_positives={"qaccess": 8, "qfalse": 9, "qnone": 9} unauthorized_disclosures={"q0": 0, "q1": 0, "q2": 0, "qaccess": 0, "qfalse": 0, "qnone": 0, "qpart": 0}
trace model=minilm scale=32 arm=LDG query=q0 ranks=[0, 1, 11, 21, 10, 2, 3, 20, 13, 23]
trace model=minilm scale=32 arm=LDG query=q1 ranks=[10, 11, 1, 0, 22, 2, 12, 13]
trace model=minilm scale=32 arm=LDG query=q2 ranks=[20, 21, 2, 3, 0, 22, 1, 23, 13]
trace model=minilm scale=32 arm=LDG query=qpart ranks=[0, 10, 1, 20, 21, 12, 13, 11, 3, 2]
trace model=minilm scale=32 arm=LDG query=qnone ranks=[0, 13, 20, 12, 10, 2, 23, 3, 22]
trace model=minilm scale=32 arm=LDG query=qaccess ranks=[0, 20, 1, 21, 2, 10, 12, 11]
trace model=minilm scale=32 arm=LDG query=qfalse ranks=[31, 0, 1, 10, 11, 20, 2, 13, 12]
score model=minilm scale=32 arm=LG recall@1=0.4375 recall@5=1.0000 recall@10=1.0000 recall@20=1.0000 mrr@10=1.0000 ndcg@10=0.9706 visible_false_positives={"qaccess": 0, "qfalse": 1, "qnone": 0} unauthorized_disclosures={"q0": 0, "q1": 0, "q2": 0, "qaccess": 0, "qfalse": 0, "qnone": 0, "qpart": 0}
trace model=minilm scale=32 arm=LG query=q0 ranks=[0, 1, 2, 3]
trace model=minilm scale=32 arm=LG query=q1 ranks=[10, 11, 12, 13]
trace model=minilm scale=32 arm=LG query=q2 ranks=[20, 21, 22, 23]
trace model=minilm scale=32 arm=LG query=qpart ranks=[0]
trace model=minilm scale=32 arm=LG query=qnone ranks=[]
trace model=minilm scale=32 arm=LG query=qaccess ranks=[]
trace model=minilm scale=32 arm=LG query=qfalse ranks=[31]
measure model=minilm scale=256 units=257 dense_build_ms=1202.1 dense_query_p50_ms=10.10 dense_query_max_ms=10.65 rss_kib=921072
score model=minilm scale=256 arm=D recall@1=0.4375 recall@5=0.6250 recall@10=0.8750 recall@20=0.8750 mrr@10=1.0000 ndcg@10=0.8276 visible_false_positives={"qaccess": 12, "qfalse": 14, "qnone": 15} unauthorized_disclosures={"q0": 0, "q1": 0, "q2": 0, "qaccess": 0, "qfalse": 0, "qnone": 0, "qpart": 0}
trace model=minilm scale=256 arm=D query=q0 ranks=[1, 0, 11, 21, 10, 2, 3, 20, 13, 23]
trace model=minilm scale=256 arm=D query=q1 ranks=[10, 11, 1, 0, 22, 2]
trace model=minilm scale=256 arm=D query=q2 ranks=[20, 21, 2, 3, 0, 22, 1, 23, 13]
trace model=minilm scale=256 arm=D query=qpart ranks=[0, 191, 141, 67, 227, 81, 212, 120, 222, 167]
trace model=minilm scale=256 arm=D query=qnone ranks=[0, 207, 212, 122, 67, 201, 187, 196, 238, 127, 74, 126, 140, 156, 233]
trace model=minilm scale=256 arm=D query=qaccess ranks=[0, 20, 1, 21, 207, 193, 249, 134, 212, 102, 187, 67]
trace model=minilm scale=256 arm=D query=qfalse ranks=[0, 212, 201, 1, 140, 67, 10, 81, 196, 141, 213, 163, 127, 218]
score model=minilm scale=256 arm=L recall@1=0.4375 recall@5=0.6250 recall@10=0.6250 recall@20=0.6250 mrr@10=1.0000 ndcg@10=0.7497 visible_false_positives={"qaccess": 0, "qfalse": 1, "qnone": 0} unauthorized_disclosures={"q0": 0, "q1": 0, "q2": 0, "qaccess": 0, "qfalse": 0, "qnone": 0, "qpart": 0}
trace model=minilm scale=256 arm=L query=q0 ranks=[0, 1]
trace model=minilm scale=256 arm=L query=q1 ranks=[10, 11]
trace model=minilm scale=256 arm=L query=q2 ranks=[20, 21]
trace model=minilm scale=256 arm=L query=qpart ranks=[0]
trace model=minilm scale=256 arm=L query=qnone ranks=[]
trace model=minilm scale=256 arm=L query=qaccess ranks=[]
trace model=minilm scale=256 arm=L query=qfalse ranks=[31]
score model=minilm scale=256 arm=LD recall@1=0.4375 recall@5=0.6250 recall@10=0.8750 recall@20=0.8750 mrr@10=1.0000 ndcg@10=0.8553 visible_false_positives={"qaccess": 12, "qfalse": 15, "qnone": 15} unauthorized_disclosures={"q0": 0, "q1": 0, "q2": 0, "qaccess": 0, "qfalse": 0, "qnone": 0, "qpart": 0}
trace model=minilm scale=256 arm=LD query=q0 ranks=[0, 1, 11, 21, 10, 2, 3, 20, 13, 23]
trace model=minilm scale=256 arm=LD query=q1 ranks=[10, 11, 1, 0, 22, 2]
trace model=minilm scale=256 arm=LD query=q2 ranks=[20, 21, 2, 3, 0, 22, 1, 23, 13]
trace model=minilm scale=256 arm=LD query=qpart ranks=[0, 191, 141, 67, 227, 81, 212, 120, 222, 167]
trace model=minilm scale=256 arm=LD query=qnone ranks=[0, 207, 212, 122, 67, 201, 187, 196, 238, 127, 74, 126, 140, 156, 233]
trace model=minilm scale=256 arm=LD query=qaccess ranks=[0, 20, 1, 21, 207, 193, 249, 134, 212, 102, 187, 67]
trace model=minilm scale=256 arm=LD query=qfalse ranks=[31, 0, 212, 201, 1, 140, 67, 10, 81, 196, 141, 213, 163, 127, 218]
score model=minilm scale=256 arm=LDG recall@1=0.4375 recall@5=0.6250 recall@10=1.0000 recall@20=1.0000 mrr@10=1.0000 ndcg@10=0.9049 visible_false_positives={"qaccess": 12, "qfalse": 15, "qnone": 15} unauthorized_disclosures={"q0": 0, "q1": 0, "q2": 0, "qaccess": 0, "qfalse": 0, "qnone": 0, "qpart": 0}
trace model=minilm scale=256 arm=LDG query=q0 ranks=[0, 1, 11, 21, 10, 2, 3, 20, 13, 23]
trace model=minilm scale=256 arm=LDG query=q1 ranks=[10, 11, 1, 0, 22, 2, 12, 13]
trace model=minilm scale=256 arm=LDG query=q2 ranks=[20, 21, 2, 3, 0, 22, 1, 23, 13]
trace model=minilm scale=256 arm=LDG query=qpart ranks=[0, 191, 141, 67, 227, 81, 212, 120, 222, 167]
trace model=minilm scale=256 arm=LDG query=qnone ranks=[0, 207, 212, 122, 67, 201, 187, 196, 238, 127, 74, 126, 140, 156, 233]
trace model=minilm scale=256 arm=LDG query=qaccess ranks=[0, 20, 1, 21, 207, 193, 249, 134, 212, 102, 187, 67]
trace model=minilm scale=256 arm=LDG query=qfalse ranks=[31, 0, 212, 201, 1, 140, 67, 10, 81, 196, 141, 213, 163, 127, 218]
score model=minilm scale=256 arm=LG recall@1=0.4375 recall@5=1.0000 recall@10=1.0000 recall@20=1.0000 mrr@10=1.0000 ndcg@10=0.9706 visible_false_positives={"qaccess": 0, "qfalse": 1, "qnone": 0} unauthorized_disclosures={"q0": 0, "q1": 0, "q2": 0, "qaccess": 0, "qfalse": 0, "qnone": 0, "qpart": 0}
trace model=minilm scale=256 arm=LG query=q0 ranks=[0, 1, 2, 3]
trace model=minilm scale=256 arm=LG query=q1 ranks=[10, 11, 12, 13]
trace model=minilm scale=256 arm=LG query=q2 ranks=[20, 21, 22, 23]
trace model=minilm scale=256 arm=LG query=qpart ranks=[0]
trace model=minilm scale=256 arm=LG query=qnone ranks=[]
trace model=minilm scale=256 arm=LG query=qaccess ranks=[]
trace model=minilm scale=256 arm=LG query=qfalse ranks=[31]
measure model=minilm scale=1024 units=1025 dense_build_ms=4622.4 dense_query_p50_ms=10.37 dense_query_max_ms=11.02 rss_kib=921568
score model=minilm scale=1024 arm=D recall@1=0.1875 recall@5=0.6250 recall@10=0.8750 recall@20=0.8750 mrr@10=0.8750 ndcg@10=0.7353 visible_false_positives={"qaccess": 14, "qfalse": 16, "qnone": 18} unauthorized_disclosures={"q0": 0, "q1": 0, "q2": 0, "qaccess": 0, "qfalse": 0, "qnone": 0, "qpart": 0}
trace model=minilm scale=1024 arm=D query=q0 ranks=[1, 0, 11, 21, 10, 2, 3, 20, 13, 23]
trace model=minilm scale=1024 arm=D query=q1 ranks=[10, 11, 1, 0, 22, 2]
trace model=minilm scale=1024 arm=D query=q2 ranks=[20, 21, 2, 3, 0, 22, 1, 23, 13]
trace model=minilm scale=1024 arm=D query=qpart ranks=[277, 0, 972, 806, 724, 848, 292, 191, 665, 141, 67, 773, 506, 227]
trace model=minilm scale=1024 arm=D query=qnone ranks=[277, 972, 806, 778, 848, 808, 506, 0, 603, 887, 912, 881, 605, 798, 904, 261, 270, 577]
trace model=minilm scale=1024 arm=D query=qaccess ranks=[0, 277, 20, 972, 1, 806, 848, 506, 21, 887, 270, 605, 618, 893]
trace model=minilm scale=1024 arm=D query=qfalse ranks=[277, 0, 972, 806, 848, 912, 506, 778, 670, 292, 212, 989, 201, 1, 798, 367]
score model=minilm scale=1024 arm=L recall@1=0.4375 recall@5=0.6250 recall@10=0.6250 recall@20=0.6250 mrr@10=1.0000 ndcg@10=0.7497 visible_false_positives={"qaccess": 0, "qfalse": 1, "qnone": 0} unauthorized_disclosures={"q0": 0, "q1": 0, "q2": 0, "qaccess": 0, "qfalse": 0, "qnone": 0, "qpart": 0}
trace model=minilm scale=1024 arm=L query=q0 ranks=[0, 1]
trace model=minilm scale=1024 arm=L query=q1 ranks=[10, 11]
trace model=minilm scale=1024 arm=L query=q2 ranks=[20, 21]
trace model=minilm scale=1024 arm=L query=qpart ranks=[0]
trace model=minilm scale=1024 arm=L query=qnone ranks=[]
trace model=minilm scale=1024 arm=L query=qaccess ranks=[]
trace model=minilm scale=1024 arm=L query=qfalse ranks=[31]
score model=minilm scale=1024 arm=LD recall@1=0.4375 recall@5=0.6250 recall@10=0.8750 recall@20=0.8750 mrr@10=1.0000 ndcg@10=0.8553 visible_false_positives={"qaccess": 14, "qfalse": 17, "qnone": 18} unauthorized_disclosures={"q0": 0, "q1": 0, "q2": 0, "qaccess": 0, "qfalse": 0, "qnone": 0, "qpart": 0}
trace model=minilm scale=1024 arm=LD query=q0 ranks=[0, 1, 11, 21, 10, 2, 3, 20, 13, 23]
trace model=minilm scale=1024 arm=LD query=q1 ranks=[10, 11, 1, 0, 22, 2]
trace model=minilm scale=1024 arm=LD query=q2 ranks=[20, 21, 2, 3, 0, 22, 1, 23, 13]
trace model=minilm scale=1024 arm=LD query=qpart ranks=[0, 277, 972, 806, 724, 848, 292, 191, 665, 141, 67, 773, 506, 227]
trace model=minilm scale=1024 arm=LD query=qnone ranks=[277, 972, 806, 778, 848, 808, 506, 0, 603, 887, 912, 881, 605, 798, 904, 261, 270, 577]
trace model=minilm scale=1024 arm=LD query=qaccess ranks=[0, 277, 20, 972, 1, 806, 848, 506, 21, 887, 270, 605, 618, 893]
trace model=minilm scale=1024 arm=LD query=qfalse ranks=[31, 277, 0, 972, 806, 848, 912, 506, 778, 670, 292, 212, 989, 201, 1, 798, 367]
score model=minilm scale=1024 arm=LDG recall@1=0.4375 recall@5=0.6250 recall@10=1.0000 recall@20=1.0000 mrr@10=1.0000 ndcg@10=0.9049 visible_false_positives={"qaccess": 14, "qfalse": 17, "qnone": 18} unauthorized_disclosures={"q0": 0, "q1": 0, "q2": 0, "qaccess": 0, "qfalse": 0, "qnone": 0, "qpart": 0}
trace model=minilm scale=1024 arm=LDG query=q0 ranks=[0, 1, 11, 21, 10, 2, 3, 20, 13, 23]
trace model=minilm scale=1024 arm=LDG query=q1 ranks=[10, 11, 1, 0, 22, 2, 12, 13]
trace model=minilm scale=1024 arm=LDG query=q2 ranks=[20, 21, 2, 3, 0, 22, 1, 23, 13]
trace model=minilm scale=1024 arm=LDG query=qpart ranks=[0, 277, 972, 806, 724, 848, 292, 191, 665, 141, 67, 773, 506, 227]
trace model=minilm scale=1024 arm=LDG query=qnone ranks=[277, 972, 806, 778, 848, 808, 506, 0, 603, 887, 912, 881, 605, 798, 904, 261, 270, 577]
trace model=minilm scale=1024 arm=LDG query=qaccess ranks=[0, 277, 20, 972, 1, 806, 848, 506, 21, 887, 270, 605, 618, 893]
trace model=minilm scale=1024 arm=LDG query=qfalse ranks=[31, 277, 0, 972, 806, 848, 912, 506, 778, 670, 292, 212, 989, 201, 1, 798, 367]
score model=minilm scale=1024 arm=LG recall@1=0.4375 recall@5=1.0000 recall@10=1.0000 recall@20=1.0000 mrr@10=1.0000 ndcg@10=0.9706 visible_false_positives={"qaccess": 0, "qfalse": 1, "qnone": 0} unauthorized_disclosures={"q0": 0, "q1": 0, "q2": 0, "qaccess": 0, "qfalse": 0, "qnone": 0, "qpart": 0}
trace model=minilm scale=1024 arm=LG query=q0 ranks=[0, 1, 2, 3]
trace model=minilm scale=1024 arm=LG query=q1 ranks=[10, 11, 12, 13]
trace model=minilm scale=1024 arm=LG query=q2 ranks=[20, 21, 22, 23]
trace model=minilm scale=1024 arm=LG query=qpart ranks=[0]
trace model=minilm scale=1024 arm=LG query=qnone ranks=[]
trace model=minilm scale=1024 arm=LG query=qaccess ranks=[]
trace model=minilm scale=1024 arm=LG query=qfalse ranks=[31]
