seed=20260930; process_rss_method=ps -o rss= -p PID; index_store=in-memory; query_samples=4 per arm/scale; cold=first query after build, warm=remaining three
scale=32 arm=L scored=3 no_positive=["qnone"] recall@1=0.2500 recall@5=0.5000 recall@10=0.5000 recall@20=0.5000 mrr@10=1.0000 ndcg@10=0.6663
trace scale=32 arm=L query=q0 ranks=[0, 1] stages=[StageTrace { retriever_id: "00000000-0000-0000-0000-000000000001:Lexical", raw_parent_ranks: [0, 9, 1], eligible_gold_misses: [2, 3] }]
trace scale=32 arm=L query=q1 ranks=[10, 11] stages=[StageTrace { retriever_id: "00000000-0000-0000-0000-000000000001:Lexical", raw_parent_ranks: [10, 19, 11], eligible_gold_misses: [12, 13] }]
trace scale=32 arm=L query=q2 ranks=[20, 21] stages=[StageTrace { retriever_id: "00000000-0000-0000-0000-000000000001:Lexical", raw_parent_ranks: [20, 29, 21], eligible_gold_misses: [22, 23] }]
trace scale=32 arm=L query=qnone ranks=[] stages=[StageTrace { retriever_id: "00000000-0000-0000-0000-000000000001:Lexical", raw_parent_ranks: [], eligible_gold_misses: [] }]
scale=32 arm=LG scored=3 no_positive=["qnone"] recall@1=0.2500 recall@5=1.0000 recall@10=1.0000 recall@20=1.0000 mrr@10=1.0000 ndcg@10=0.9608
trace scale=32 arm=LG query=q0 ranks=[0, 1, 2, 3] stages=[StageTrace { retriever_id: "00000000-0000-0000-0000-000000000001:Lexical", raw_parent_ranks: [0, 9, 1], eligible_gold_misses: [2, 3] }, StageTrace { retriever_id: "00000000-0000-0000-0000-000000000001:HyperGraph", raw_parent_ranks: [0, 2, 3], eligible_gold_misses: [1] }]
trace scale=32 arm=LG query=q1 ranks=[10, 11, 12, 13] stages=[StageTrace { retriever_id: "00000000-0000-0000-0000-000000000001:Lexical", raw_parent_ranks: [10, 19, 11], eligible_gold_misses: [12, 13] }, StageTrace { retriever_id: "00000000-0000-0000-0000-000000000001:HyperGraph", raw_parent_ranks: [10, 12, 13], eligible_gold_misses: [11] }]
trace scale=32 arm=LG query=q2 ranks=[20, 21, 22, 23] stages=[StageTrace { retriever_id: "00000000-0000-0000-0000-000000000001:Lexical", raw_parent_ranks: [20, 29, 21], eligible_gold_misses: [22, 23] }, StageTrace { retriever_id: "00000000-0000-0000-0000-000000000001:HyperGraph", raw_parent_ranks: [20, 22, 23], eligible_gold_misses: [21] }]
trace scale=32 arm=LG query=qnone ranks=[] stages=[StageTrace { retriever_id: "00000000-0000-0000-0000-000000000001:Lexical", raw_parent_ranks: [], eligible_gold_misses: [] }]
measure scale=32 arm=L build_lexical_ms=24.955 build_graph_ms=0.399 update_lexical_ms=20.133 update_graph_ms=0.140 update_n=1 query_n=4 query_p50_ms=6.441 query_p95_ms=8.954 query_p99_ms=8.954 cold_query_ms=8.014 warm_n=3 warm_p50_ms=6.441 warm_p95_ms=8.954 warm_p99_ms=8.954 fusion_n=4 fusion_p50_ms=0.027 fusion_p95_ms=0.056 fusion_p99_ms=0.056 rss_kib=23488 index_disk_bytes=0
measure scale=32 arm=LG build_lexical_ms=24.955 build_graph_ms=0.399 update_lexical_ms=20.133 update_graph_ms=0.140 update_n=1 query_n=4 query_p50_ms=6.300 query_p95_ms=6.772 query_p99_ms=6.772 cold_query_ms=6.772 warm_n=3 warm_p50_ms=6.300 warm_p95_ms=6.752 warm_p99_ms=6.752 fusion_n=4 fusion_p50_ms=0.037 fusion_p95_ms=0.040 fusion_p99_ms=0.040 rss_kib=23616 index_disk_bytes=0
scale=256 arm=L scored=3 no_positive=["qnone"] recall@1=0.2500 recall@5=0.5000 recall@10=0.5000 recall@20=0.5000 mrr@10=1.0000 ndcg@10=0.6663
trace scale=256 arm=L query=q0 ranks=[0, 1] stages=[StageTrace { retriever_id: "00000000-0000-0000-0000-000000000001:Lexical", raw_parent_ranks: [0, 9, 1], eligible_gold_misses: [2, 3] }]
trace scale=256 arm=L query=q1 ranks=[10, 11] stages=[StageTrace { retriever_id: "00000000-0000-0000-0000-000000000001:Lexical", raw_parent_ranks: [10, 19, 11], eligible_gold_misses: [12, 13] }]
trace scale=256 arm=L query=q2 ranks=[20, 21] stages=[StageTrace { retriever_id: "00000000-0000-0000-0000-000000000001:Lexical", raw_parent_ranks: [20, 29, 21], eligible_gold_misses: [22, 23] }]
trace scale=256 arm=L query=qnone ranks=[] stages=[StageTrace { retriever_id: "00000000-0000-0000-0000-000000000001:Lexical", raw_parent_ranks: [], eligible_gold_misses: [] }]
scale=256 arm=LG scored=3 no_positive=["qnone"] recall@1=0.2500 recall@5=1.0000 recall@10=1.0000 recall@20=1.0000 mrr@10=1.0000 ndcg@10=0.9608
trace scale=256 arm=LG query=q0 ranks=[0, 1, 2, 3] stages=[StageTrace { retriever_id: "00000000-0000-0000-0000-000000000001:Lexical", raw_parent_ranks: [0, 9, 1], eligible_gold_misses: [2, 3] }, StageTrace { retriever_id: "00000000-0000-0000-0000-000000000001:HyperGraph", raw_parent_ranks: [0, 2, 3], eligible_gold_misses: [1] }]
trace scale=256 arm=LG query=q1 ranks=[10, 11, 12, 13] stages=[StageTrace { retriever_id: "00000000-0000-0000-0000-000000000001:Lexical", raw_parent_ranks: [10, 19, 11], eligible_gold_misses: [12, 13] }, StageTrace { retriever_id: "00000000-0000-0000-0000-000000000001:HyperGraph", raw_parent_ranks: [10, 12, 13], eligible_gold_misses: [11] }]
trace scale=256 arm=LG query=q2 ranks=[20, 21, 22, 23] stages=[StageTrace { retriever_id: "00000000-0000-0000-0000-000000000001:Lexical", raw_parent_ranks: [20, 29, 21], eligible_gold_misses: [22, 23] }, StageTrace { retriever_id: "00000000-0000-0000-0000-000000000001:HyperGraph", raw_parent_ranks: [20, 22, 23], eligible_gold_misses: [21] }]
trace scale=256 arm=LG query=qnone ranks=[] stages=[StageTrace { retriever_id: "00000000-0000-0000-0000-000000000001:Lexical", raw_parent_ranks: [], eligible_gold_misses: [] }]
measure scale=256 arm=L build_lexical_ms=40.848 build_graph_ms=0.584 update_lexical_ms=40.189 update_graph_ms=0.550 update_n=1 query_n=4 query_p50_ms=5.980 query_p95_ms=6.609 query_p99_ms=6.609 cold_query_ms=6.609 warm_n=3 warm_p50_ms=5.980 warm_p95_ms=6.100 warm_p99_ms=6.100 fusion_n=4 fusion_p50_ms=0.026 fusion_p95_ms=0.037 fusion_p99_ms=0.037 rss_kib=26432 index_disk_bytes=0
measure scale=256 arm=LG build_lexical_ms=40.848 build_graph_ms=0.584 update_lexical_ms=40.189 update_graph_ms=0.550 update_n=1 query_n=4 query_p50_ms=5.929 query_p95_ms=6.501 query_p99_ms=6.501 cold_query_ms=6.501 warm_n=3 warm_p50_ms=5.929 warm_p95_ms=6.289 warm_p99_ms=6.289 fusion_n=4 fusion_p50_ms=0.028 fusion_p95_ms=0.044 fusion_p99_ms=0.044 rss_kib=26432 index_disk_bytes=0
scale=1024 arm=L scored=3 no_positive=["qnone"] recall@1=0.2500 recall@5=0.5000 recall@10=0.5000 recall@20=0.5000 mrr@10=1.0000 ndcg@10=0.6663
trace scale=1024 arm=L query=q0 ranks=[0, 1] stages=[StageTrace { retriever_id: "00000000-0000-0000-0000-000000000001:Lexical", raw_parent_ranks: [0, 9, 1], eligible_gold_misses: [2, 3] }]
trace scale=1024 arm=L query=q1 ranks=[10, 11] stages=[StageTrace { retriever_id: "00000000-0000-0000-0000-000000000001:Lexical", raw_parent_ranks: [10, 19, 11], eligible_gold_misses: [12, 13] }]
trace scale=1024 arm=L query=q2 ranks=[20, 21] stages=[StageTrace { retriever_id: "00000000-0000-0000-0000-000000000001:Lexical", raw_parent_ranks: [20, 29, 21], eligible_gold_misses: [22, 23] }]
trace scale=1024 arm=L query=qnone ranks=[] stages=[StageTrace { retriever_id: "00000000-0000-0000-0000-000000000001:Lexical", raw_parent_ranks: [], eligible_gold_misses: [] }]
scale=1024 arm=LG scored=3 no_positive=["qnone"] recall@1=0.2500 recall@5=1.0000 recall@10=1.0000 recall@20=1.0000 mrr@10=1.0000 ndcg@10=0.9608
trace scale=1024 arm=LG query=q0 ranks=[0, 1, 2, 3] stages=[StageTrace { retriever_id: "00000000-0000-0000-0000-000000000001:Lexical", raw_parent_ranks: [0, 9, 1], eligible_gold_misses: [2, 3] }, StageTrace { retriever_id: "00000000-0000-0000-0000-000000000001:HyperGraph", raw_parent_ranks: [0, 2, 3], eligible_gold_misses: [1] }]
trace scale=1024 arm=LG query=q1 ranks=[10, 11, 12, 13] stages=[StageTrace { retriever_id: "00000000-0000-0000-0000-000000000001:Lexical", raw_parent_ranks: [10, 19, 11], eligible_gold_misses: [12, 13] }, StageTrace { retriever_id: "00000000-0000-0000-0000-000000000001:HyperGraph", raw_parent_ranks: [10, 12, 13], eligible_gold_misses: [11] }]
trace scale=1024 arm=LG query=q2 ranks=[20, 21, 22, 23] stages=[StageTrace { retriever_id: "00000000-0000-0000-0000-000000000001:Lexical", raw_parent_ranks: [20, 29, 21], eligible_gold_misses: [22, 23] }, StageTrace { retriever_id: "00000000-0000-0000-0000-000000000001:HyperGraph", raw_parent_ranks: [20, 22, 23], eligible_gold_misses: [21] }]
trace scale=1024 arm=LG query=qnone ranks=[] stages=[StageTrace { retriever_id: "00000000-0000-0000-0000-000000000001:Lexical", raw_parent_ranks: [], eligible_gold_misses: [] }]
measure scale=1024 arm=L build_lexical_ms=112.569 build_graph_ms=2.009 update_lexical_ms=114.470 update_graph_ms=1.935 update_n=1 query_n=4 query_p50_ms=6.366 query_p95_ms=6.575 query_p99_ms=6.575 cold_query_ms=6.575 warm_n=3 warm_p50_ms=6.366 warm_p95_ms=6.463 warm_p99_ms=6.463 fusion_n=4 fusion_p50_ms=0.028 fusion_p95_ms=0.036 fusion_p99_ms=0.036 rss_kib=31760 index_disk_bytes=0
measure scale=1024 arm=LG build_lexical_ms=112.569 build_graph_ms=2.009 update_lexical_ms=114.470 update_graph_ms=1.935 update_n=1 query_n=4 query_p50_ms=6.299 query_p95_ms=7.192 query_p99_ms=7.192 cold_query_ms=6.800 warm_n=3 warm_p50_ms=6.299 warm_p95_ms=7.192 warm_p99_ms=7.192 fusion_n=4 fusion_p50_ms=0.035 fusion_p95_ms=0.043 fusion_p99_ms=0.043 rss_kib=31776 index_disk_bytes=0
dense_arms=UNRUN; vector_mock=security_contract_only; full_P1_body_qualification=UNRUN
