warning[no-license-field]: license expression was not specified in manifest for crate 'ovba = 0.7.1'

warning[license-not-encountered]: license was not encountered
   ┌─ /workspace/scratch/13897606dfde/search-dependency-baseline/deny.toml:15:4
   │
15 │   "BSD-2-Clause",
   │    ━━━━━━━━━━━━ unmatched license allowance

warning[license-not-encountered]: license was not encountered
   ┌─ /workspace/scratch/13897606dfde/search-dependency-baseline/deny.toml:17:4
   │
17 │   "PostgreSQL",
   │    ━━━━━━━━━━ unmatched license allowance

warning[duplicate]: found 2 duplicate entries for crate 'base64'
   ┌─ /workspace/scratch/13897606dfde/search-dependency-baseline/Cargo.lock:32:1
   │
32 │ ╭ base64 0.22.1 registry+https://github.com/rust-lang/crates.io-index
33 │ │ base64 0.23.1 registry+https://github.com/rust-lang/crates.io-index
   │ ╰───────────────────────────────────────────────────────────────────┘ lock entries

warning[duplicate]: found 2 duplicate entries for crate 'block-buffer'
   ┌─ /workspace/scratch/13897606dfde/search-dependency-baseline/Cargo.lock:37:1
   │
37 │ ╭ block-buffer 0.10.4 registry+https://github.com/rust-lang/crates.io-index
38 │ │ block-buffer 0.12.1 registry+https://github.com/rust-lang/crates.io-index
   │ ╰─────────────────────────────────────────────────────────────────────────┘ lock entries

warning[duplicate]: found 2 duplicate entries for crate 'cfb'
   ┌─ /workspace/scratch/13897606dfde/search-dependency-baseline/Cargo.lock:54:1
   │
54 │ ╭ cfb 0.10.0 registry+https://github.com/rust-lang/crates.io-index
55 │ │ cfb 0.14.0 registry+https://github.com/rust-lang/crates.io-index
   │ ╰────────────────────────────────────────────────────────────────┘ lock entries

warning[duplicate]: found 2 duplicate entries for crate 'const-oid'
   ┌─ /workspace/scratch/13897606dfde/search-dependency-baseline/Cargo.lock:65:1
   │
65 │ ╭ const-oid 0.9.6 registry+https://github.com/rust-lang/crates.io-index
66 │ │ const-oid 0.10.2 registry+https://github.com/rust-lang/crates.io-index
   │ ╰──────────────────────────────────────────────────────────────────────┘ lock entries

warning[duplicate]: found 2 duplicate entries for crate 'cpufeatures'
   ┌─ /workspace/scratch/13897606dfde/search-dependency-baseline/Cargo.lock:71:1
   │
71 │ ╭ cpufeatures 0.2.17 registry+https://github.com/rust-lang/crates.io-index
72 │ │ cpufeatures 0.3.1 registry+https://github.com/rust-lang/crates.io-index
   │ ╰───────────────────────────────────────────────────────────────────────┘ lock entries

warning[duplicate]: found 2 duplicate entries for crate 'crypto-common'
   ┌─ /workspace/scratch/13897606dfde/search-dependency-baseline/Cargo.lock:83:1
   │
83 │ ╭ crypto-common 0.1.6 registry+https://github.com/rust-lang/crates.io-index
84 │ │ crypto-common 0.2.2 registry+https://github.com/rust-lang/crates.io-index
   │ ╰─────────────────────────────────────────────────────────────────────────┘ lock entries

warning[duplicate]: found 2 duplicate entries for crate 'der'
   ┌─ /workspace/scratch/13897606dfde/search-dependency-baseline/Cargo.lock:98:1
   │
98 │ ╭ der 0.7.10 registry+https://github.com/rust-lang/crates.io-index
99 │ │ der 0.8.2 registry+https://github.com/rust-lang/crates.io-index
   │ ╰───────────────────────────────────────────────────────────────┘ lock entries

warning[duplicate]: found 2 duplicate entries for crate 'der_derive'
    ┌─ /workspace/scratch/13897606dfde/search-dependency-baseline/Cargo.lock:101:1
    │
101 │ ╭ der_derive 0.7.3 registry+https://github.com/rust-lang/crates.io-index
102 │ │ der_derive 0.8.0 registry+https://github.com/rust-lang/crates.io-index
    │ ╰──────────────────────────────────────────────────────────────────────┘ lock entries

warning[duplicate]: found 2 duplicate entries for crate 'digest'
    ┌─ /workspace/scratch/13897606dfde/search-dependency-baseline/Cargo.lock:106:1
    │
106 │ ╭ digest 0.10.7 registry+https://github.com/rust-lang/crates.io-index
107 │ │ digest 0.11.3 registry+https://github.com/rust-lang/crates.io-index
    │ ╰───────────────────────────────────────────────────────────────────┘ lock entries

error[wildcard]: found 1 wildcard dependency for crate 'document-semantic-inspection-runner'
  ┌─ /workspace/scratch/13897606dfde/search-dependency-baseline/crates/document-semantic-inspection-runner/Cargo.toml:9:27
  │
9 │ document-sandbox-runner = { path = "../document-sandbox-runner" }
  │                           ━━━━━━━━━━━━━━━━━━━━━━━━━━━━━━━━━━━━━━━ wildcard dependency

warning[duplicate]: found 2 duplicate entries for crate 'getrandom'
    ┌─ /workspace/scratch/13897606dfde/search-dependency-baseline/Cargo.lock:165:1
    │
165 │ ╭ getrandom 0.2.17 registry+https://github.com/rust-lang/crates.io-index
166 │ │ getrandom 0.4.3 registry+https://github.com/rust-lang/crates.io-index
    │ ╰─────────────────────────────────────────────────────────────────────┘ lock entries

warning[duplicate]: found 2 duplicate entries for crate 'hashbrown'
    ┌─ /workspace/scratch/13897606dfde/search-dependency-baseline/Cargo.lock:171:1
    │
171 │ ╭ hashbrown 0.16.1 registry+https://github.com/rust-lang/crates.io-index
172 │ │ hashbrown 0.17.1 registry+https://github.com/rust-lang/crates.io-index
    │ ╰──────────────────────────────────────────────────────────────────────┘ lock entries

warning[duplicate]: found 2 duplicate entries for crate 'miniz_oxide'
    ┌─ /workspace/scratch/13897606dfde/search-dependency-baseline/Cargo.lock:234:1
    │
234 │ ╭ miniz_oxide 0.8.9 registry+https://github.com/rust-lang/crates.io-index
235 │ │ miniz_oxide 0.9.1 registry+https://github.com/rust-lang/crates.io-index
    │ ╰───────────────────────────────────────────────────────────────────────┘ lock entries

warning[duplicate]: found 2 duplicate entries for crate 'nom'
    ┌─ /workspace/scratch/13897606dfde/search-dependency-baseline/Cargo.lock:242:1
    │
242 │ ╭ nom 7.1.3 registry+https://github.com/rust-lang/crates.io-index
243 │ │ nom 8.0.0 registry+https://github.com/rust-lang/crates.io-index
    │ ╰───────────────────────────────────────────────────────────────┘ lock entries

warning[duplicate]: found 2 duplicate entries for crate 'pem-rfc7468'
    ┌─ /workspace/scratch/13897606dfde/search-dependency-baseline/Cargo.lock:277:1
    │
277 │ ╭ pem-rfc7468 0.7.0 registry+https://github.com/rust-lang/crates.io-index
278 │ │ pem-rfc7468 1.0.0 registry+https://github.com/rust-lang/crates.io-index
    │ ╰───────────────────────────────────────────────────────────────────────┘ lock entries

warning[duplicate]: found 2 duplicate entries for crate 'proc-macro2'
    ┌─ /workspace/scratch/13897606dfde/search-dependency-baseline/Cargo.lock:302:1
    │
302 │ ╭ proc-macro2 0.4.30 registry+https://github.com/rust-lang/crates.io-index
303 │ │ proc-macro2 1.0.107 registry+https://github.com/rust-lang/crates.io-index
    │ ╰─────────────────────────────────────────────────────────────────────────┘ lock entries

warning[duplicate]: found 2 duplicate entries for crate 'quick-xml'
    ┌─ /workspace/scratch/13897606dfde/search-dependency-baseline/Cargo.lock:309:1
    │
309 │ ╭ quick-xml 0.41.0 registry+https://github.com/rust-lang/crates.io-index
310 │ │ quick-xml 0.42.0 registry+https://github.com/rust-lang/crates.io-index
    │ ╰──────────────────────────────────────────────────────────────────────┘ lock entries

warning[duplicate]: found 2 duplicate entries for crate 'quote'
    ┌─ /workspace/scratch/13897606dfde/search-dependency-baseline/Cargo.lock:311:1
    │
311 │ ╭ quote 0.6.13 registry+https://github.com/rust-lang/crates.io-index
312 │ │ quote 1.0.47 registry+https://github.com/rust-lang/crates.io-index
    │ ╰──────────────────────────────────────────────────────────────────┘ lock entries

error[wildcard]: found 1 wildcard dependency for crate 'search-extraction-core'
  ┌─ /workspace/scratch/13897606dfde/search-dependency-baseline/crates/search-extraction-core/Cargo.toml:9:15
  │
9 │ search-core = { path = "../search-core" }
  │               ━━━━━━━━━━━━━━━━━━━━━━━━━━━ wildcard dependency

error[wildcard]: found 3 wildcard dependencies for crate 'search-extraction-runner'
   ┌─ /workspace/scratch/13897606dfde/search-dependency-baseline/crates/search-extraction-runner/Cargo.toml:9:27
   │
 9 │ document-sandbox-runner = { path = "../document-sandbox-runner" }
   │                           ━━━━━━━━━━━━━━━━━━━━━━━━━━━━━━━━━━━━━━━ wildcard dependency
10 │ search-extraction-core = { path = "../search-extraction-core" }
   │                          ━━━━━━━━━━━━━━━━━━━━━━━━━━━━━━━━━━━━━━ wildcard dependency
11 │ search-core = { path = "../search-core" }
   │               ━━━━━━━━━━━━━━━━━━━━━━━━━━━ wildcard dependency

error[wildcard]: found 3 wildcard dependencies for crate 'search-extraction-worker'
   ┌─ /workspace/scratch/13897606dfde/search-dependency-baseline/crates/search-extraction-worker/Cargo.toml:9:26
   │
 9 │ search-extraction-core = { path = "../search-extraction-core" }
   │                          ━━━━━━━━━━━━━━━━━━━━━━━━━━━━━━━━━━━━━━ wildcard dependency
10 │ document-sandbox-runner = { path = "../document-sandbox-runner" }
   │                           ━━━━━━━━━━━━━━━━━━━━━━━━━━━━━━━━━━━━━━━ wildcard dependency
11 │ search-core = { path = "../search-core" }
   │               ━━━━━━━━━━━━━━━━━━━━━━━━━━━ wildcard dependency

warning[duplicate]: found 2 duplicate entries for crate 'sha2'
    ┌─ /workspace/scratch/13897606dfde/search-dependency-baseline/Cargo.lock:370:1
    │
370 │ ╭ sha2 0.10.9 registry+https://github.com/rust-lang/crates.io-index
371 │ │ sha2 0.11.0 registry+https://github.com/rust-lang/crates.io-index
    │ ╰─────────────────────────────────────────────────────────────────┘ lock entries

warning[duplicate]: found 2 duplicate entries for crate 'signature'
    ┌─ /workspace/scratch/13897606dfde/search-dependency-baseline/Cargo.lock:374:1
    │
374 │ ╭ signature 2.2.0 registry+https://github.com/rust-lang/crates.io-index
375 │ │ signature 3.0.0 registry+https://github.com/rust-lang/crates.io-index
    │ ╰─────────────────────────────────────────────────────────────────────┘ lock entries

warning[duplicate]: found 2 duplicate entries for crate 'spki'
    ┌─ /workspace/scratch/13897606dfde/search-dependency-baseline/Cargo.lock:385:1
    │
385 │ ╭ spki 0.7.3 registry+https://github.com/rust-lang/crates.io-index
386 │ │ spki 0.8.0 registry+https://github.com/rust-lang/crates.io-index
    │ ╰────────────────────────────────────────────────────────────────┘ lock entries

warning[duplicate]: found 3 duplicate entries for crate 'syn'
    ┌─ /workspace/scratch/13897606dfde/search-dependency-baseline/Cargo.lock:403:1
    │
403 │ ╭ syn 0.15.44 registry+https://github.com/rust-lang/crates.io-index
404 │ │ syn 2.0.119 registry+https://github.com/rust-lang/crates.io-index
405 │ │ syn 3.0.5 registry+https://github.com/rust-lang/crates.io-index
    │ ╰───────────────────────────────────────────────────────────────┘ lock entries

warning[duplicate]: found 2 duplicate entries for crate 'synstructure'
    ┌─ /workspace/scratch/13897606dfde/search-dependency-baseline/Cargo.lock:407:1
    │
407 │ ╭ synstructure 0.13.2 registry+https://github.com/rust-lang/crates.io-index
408 │ │ synstructure 0.14.0 registry+https://github.com/rust-lang/crates.io-index
    │ ╰─────────────────────────────────────────────────────────────────────────┘ lock entries

warning[duplicate]: found 3 duplicate entries for crate 'windows-sys'
    ┌─ /workspace/scratch/13897606dfde/search-dependency-baseline/Cargo.lock:492:1
    │
492 │ ╭ windows-sys 0.52.0 registry+https://github.com/rust-lang/crates.io-index
493 │ │ windows-sys 0.59.0 registry+https://github.com/rust-lang/crates.io-index
494 │ │ windows-sys 0.61.2 registry+https://github.com/rust-lang/crates.io-index
    │ ╰────────────────────────────────────────────────────────────────────────┘ lock entries

warning[duplicate]: found 2 duplicate entries for crate 'winnow'
    ┌─ /workspace/scratch/13897606dfde/search-dependency-baseline/Cargo.lock:504:1
    │
504 │ ╭ winnow 0.7.15 registry+https://github.com/rust-lang/crates.io-index
505 │ │ winnow 1.0.4 registry+https://github.com/rust-lang/crates.io-index
    │ ╰──────────────────────────────────────────────────────────────────┘ lock entries

warning[duplicate]: found 2 duplicate entries for crate 'x509-cert'
    ┌─ /workspace/scratch/13897606dfde/search-dependency-baseline/Cargo.lock:508:1
    │
508 │ ╭ x509-cert 0.2.5 registry+https://github.com/rust-lang/crates.io-index
509 │ │ x509-cert 0.3.0 registry+https://github.com/rust-lang/crates.io-index
    │ ╰─────────────────────────────────────────────────────────────────────┘ lock entries

warning[duplicate]: found 2 duplicate entries for crate 'zip'
    ┌─ /workspace/scratch/13897606dfde/search-dependency-baseline/Cargo.lock:524:1
    │
524 │ ╭ zip 2.4.2 registry+https://github.com/rust-lang/crates.io-index
525 │ │ zip 8.6.0 registry+https://github.com/rust-lang/crates.io-index
    │ ╰───────────────────────────────────────────────────────────────┘ lock entries

error[yanked]: detected yanked crate (try `cargo update -p yoke-derive`)
    ┌─ /workspace/scratch/13897606dfde/search-dependency-baseline/Cargo.lock:517:1
    │
517 │ yoke-derive 0.8.3 registry+https://github.com/rust-lang/crates.io-index
    │ ━━━━━━━━━━━━━━━━━━━━━━━━━━━━━━━━━━━━━━━━━━━━━━━━━━━━━━━━━━━━━━━━━━━━━━━ yanked version

advisories FAILED, bans FAILED, licenses ok, sources ok
