   Compiling outbox-delivery v0.0.0 (/workspace/scratch/13897606dfde/search-dependency-recovery/crates/outbox-delivery)
    Finished `test` profile [unoptimized] target(s) in 1.47s
     Running tests/runner_lifecycle.rs (/workspace/scratch/13897606dfde/search-recovery-target/debug/deps/runner_lifecycle-1a767a2951f858ed)

running 28 tests
test initial_preflight_time_counts_toward_total_processing_deadline ... ok
test outage_does_not_spin_or_ack_unknown ... ok
test pending_heartbeat_becomes_unknown_before_lease_expiry ... ok
test renew_lost_cancels_and_never_settles ... ok
test shutdown_bounds_pending_final_reaper_without_confirming_reap ... ok
test shutdown_bounds_pending_source_release_after_drain ... ok
test shutdown_drains_completed_and_leaves_unfinished ... ok
test shutdown_interrupts_pending_admission_without_claiming ... ok
test shutdown_interrupts_pending_claim_without_dispatching ... ok
test shutdown_interrupts_pending_cycle_reaper ... ok
test shutdown_interrupts_pending_policy_verification ... ok
test shutdown_pending_failure_settlement_remains_unknown ... FAILED
test shutdown_pending_initial_outbox_preflight_remains_unknown ... FAILED
test shutdown_pending_initial_source_preflight_remains_unknown ... FAILED
test shutdown_pending_outbox_heartbeat_remains_unknown ... FAILED
test shutdown_pending_source_heartbeat_remains_unknown ... FAILED
test shutdown_pending_success_settlement_remains_unknown ... FAILED
test shutdown_releases_still_owned_source_permit_after_timeout ... ok
test total_deadline_bounds_pending_failure_settlement_without_confirming_retry ... ok
test total_deadline_bounds_pending_initial_outbox_preflight ... ok
test total_deadline_bounds_pending_initial_source_preflight ... ok
test total_deadline_bounds_pending_initial_source_renewal ... ok
test total_deadline_bounds_pending_outbox_heartbeat ... ok
test total_deadline_bounds_pending_post_handler_outbox_preflight ... ok
test total_deadline_bounds_pending_post_handler_source_preflight ... ok
test total_deadline_bounds_pending_post_handler_source_renewal ... ok
test total_deadline_bounds_pending_source_heartbeat ... ok
test total_deadline_bounds_pending_success_settlement_without_confirming_ack ... ok

failures:

---- shutdown_pending_failure_settlement_remains_unknown stdout ----

thread 'shutdown_pending_failure_settlement_remains_unknown' (62) panicked at crates/outbox-delivery/tests/runner_lifecycle.rs:1145:5:
assertion `left == right` failed: drain cancellation cannot turn an unresolved dependency response into confirmed Lost
  left: Ok(RunSummary { cycles: 1, claimed: 1, settled: 0, lost: 1, reaped: 0, outages: 0 })
 right: Err(StoreUnknown)
note: run with `RUST_BACKTRACE=1` environment variable to display a backtrace

---- shutdown_pending_initial_outbox_preflight_remains_unknown stdout ----

thread 'shutdown_pending_initial_outbox_preflight_remains_unknown' (63) panicked at crates/outbox-delivery/tests/runner_lifecycle.rs:1145:5:
assertion `left == right` failed: drain cancellation cannot turn an unresolved dependency response into confirmed Lost
  left: Ok(RunSummary { cycles: 1, claimed: 1, settled: 0, lost: 1, reaped: 0, outages: 0 })
 right: Err(StoreUnknown)

---- shutdown_pending_initial_source_preflight_remains_unknown stdout ----

thread 'shutdown_pending_initial_source_preflight_remains_unknown' (64) panicked at crates/outbox-delivery/tests/runner_lifecycle.rs:1145:5:
assertion `left == right` failed: drain cancellation cannot turn an unresolved dependency response into confirmed Lost
  left: Ok(RunSummary { cycles: 1, claimed: 1, settled: 0, lost: 1, reaped: 0, outages: 0 })
 right: Err(StoreUnknown)

---- shutdown_pending_outbox_heartbeat_remains_unknown stdout ----

thread 'shutdown_pending_outbox_heartbeat_remains_unknown' (65) panicked at crates/outbox-delivery/tests/runner_lifecycle.rs:1145:5:
assertion `left == right` failed: drain cancellation cannot turn an unresolved dependency response into confirmed Lost
  left: Ok(RunSummary { cycles: 1, claimed: 1, settled: 0, lost: 1, reaped: 0, outages: 0 })
 right: Err(StoreUnknown)

---- shutdown_pending_source_heartbeat_remains_unknown stdout ----

thread 'shutdown_pending_source_heartbeat_remains_unknown' (66) panicked at crates/outbox-delivery/tests/runner_lifecycle.rs:1145:5:
assertion `left == right` failed: drain cancellation cannot turn an unresolved dependency response into confirmed Lost
  left: Ok(RunSummary { cycles: 1, claimed: 1, settled: 0, lost: 1, reaped: 0, outages: 0 })
 right: Err(StoreUnknown)

---- shutdown_pending_success_settlement_remains_unknown stdout ----

thread 'shutdown_pending_success_settlement_remains_unknown' (67) panicked at crates/outbox-delivery/tests/runner_lifecycle.rs:1145:5:
assertion `left == right` failed: drain cancellation cannot turn an unresolved dependency response into confirmed Lost
  left: Ok(RunSummary { cycles: 1, claimed: 1, settled: 0, lost: 1, reaped: 0, outages: 0 })
 right: Err(StoreUnknown)


failures:
    shutdown_pending_failure_settlement_remains_unknown
    shutdown_pending_initial_outbox_preflight_remains_unknown
    shutdown_pending_initial_source_preflight_remains_unknown
    shutdown_pending_outbox_heartbeat_remains_unknown
    shutdown_pending_source_heartbeat_remains_unknown
    shutdown_pending_success_settlement_remains_unknown

test result: FAILED. 22 passed; 6 failed; 0 ignored; 0 measured; 0 filtered out; finished in 5.42s

error: test failed, to rerun pass `-p outbox-delivery --test runner_lifecycle`
