   Compiling outbox-delivery v0.0.0 (/workspace/scratch/13897606dfde/search-dependency-recovery/crates/outbox-delivery)
    Finished `test` profile [unoptimized] target(s) in 0.68s
     Running tests/runner_admission.rs (/workspace/scratch/13897606dfde/search-recovery-target/debug/deps/runner_admission-656c0e27ebfab39f)

running 5 tests
test batch_32_inflight_8_never_claims_queued_work ... ok
test pre_dispatch_lost_never_calls_handler ... ok
test search_admission_denied_claims_zero ... ok
test short_remaining_source_permit_renew_lost_never_dispatches ... ok
test source_style_admission_caps_a_generic_batch_to_one ... ok

test result: ok. 5 passed; 0 failed; 0 ignored; 0 measured; 0 filtered out; finished in 0.45s

     Running tests/runner_lifecycle.rs (/workspace/scratch/13897606dfde/search-recovery-target/debug/deps/runner_lifecycle-1a767a2951f858ed)

running 35 tests
test cancellation_before_heartbeat_prevents_new_renewal_attempts ... FAILED
test cancellation_during_final_outbox_response_stops_source_fences ... FAILED
test cancellation_during_final_source_preflight_stops_settlement ... FAILED
test cancellation_during_final_source_renewal_stops_source_preflight ... FAILED
test cancellation_during_heartbeat_outbox_response_stops_source_renewal ... FAILED
test cancellation_during_heartbeat_source_response_stops_handler_polling ... FAILED
test initial_preflight_time_counts_toward_total_processing_deadline ... FAILED
test outage_does_not_spin_or_ack_unknown ... ok
test pending_heartbeat_becomes_unknown_before_lease_expiry ... FAILED
test renew_lost_cancels_and_never_settles ... ok
test returned_store_unknown_is_preserved_when_final_preflight_also_cancels ... ok
test shutdown_bounds_pending_final_reaper_without_confirming_reap ... FAILED
test shutdown_bounds_pending_source_release_after_drain ... FAILED
test shutdown_drains_completed_and_leaves_unfinished ... ok
test shutdown_interrupts_pending_admission_without_claiming ... FAILED
test shutdown_interrupts_pending_claim_without_dispatching ... FAILED
test shutdown_interrupts_pending_cycle_reaper ... FAILED
test shutdown_interrupts_pending_policy_verification ... FAILED
test shutdown_pending_failure_settlement_remains_unknown ... FAILED
test shutdown_pending_initial_outbox_preflight_remains_unknown ... FAILED
test shutdown_pending_initial_source_preflight_remains_unknown ... FAILED
test shutdown_pending_outbox_heartbeat_remains_unknown ... FAILED
test shutdown_pending_source_heartbeat_remains_unknown ... FAILED
test shutdown_pending_success_settlement_remains_unknown ... FAILED
test shutdown_releases_still_owned_source_permit_after_timeout ... ok
test total_deadline_bounds_pending_failure_settlement_without_confirming_retry ... FAILED
test total_deadline_bounds_pending_initial_outbox_preflight ... FAILED
test total_deadline_bounds_pending_initial_source_preflight ... FAILED
test total_deadline_bounds_pending_initial_source_renewal ... FAILED
test total_deadline_bounds_pending_outbox_heartbeat ... FAILED
test total_deadline_bounds_pending_post_handler_outbox_preflight ... FAILED
test total_deadline_bounds_pending_post_handler_source_preflight ... FAILED
test total_deadline_bounds_pending_post_handler_source_renewal ... FAILED
test total_deadline_bounds_pending_source_heartbeat ... FAILED
test total_deadline_bounds_pending_success_settlement_without_confirming_ack ... FAILED

failures:

---- cancellation_before_heartbeat_prevents_new_renewal_attempts stdout ----

thread 'cancellation_before_heartbeat_prevents_new_renewal_attempts' (46) panicked at crates/outbox-delivery/tests/runner_lifecycle.rs:1382:5:
assertion `left == right` failed: cancellation must prevent heartbeat I/O after the confirmed initial preflight
  left: (5, 5)
 right: (1, 1)
note: run with `RUST_BACKTRACE=1` environment variable to display a backtrace

---- cancellation_during_final_outbox_response_stops_source_fences stdout ----

thread 'cancellation_during_final_outbox_response_stops_source_fences' (47) panicked at crates/outbox-delivery/tests/runner_lifecycle.rs:1435:5:
assertion `left == right` failed: cancellation during final outbox renewal must stop both following Source fences
  left: (2, 2)
 right: (1, 1)

---- cancellation_during_final_source_preflight_stops_settlement stdout ----

thread 'cancellation_during_final_source_preflight_stops_settlement' (48) panicked at crates/outbox-delivery/tests/runner_lifecycle.rs:1474:5:
assertion `left == right` failed: cancellation during the final Source preflight must stop settlement
  left: 1
 right: 0

---- cancellation_during_final_source_renewal_stops_source_preflight stdout ----

thread 'cancellation_during_final_source_renewal_stops_source_preflight' (49) panicked at crates/outbox-delivery/tests/runner_lifecycle.rs:1456:5:
assertion `left == right` failed: cancellation during final Source renewal must stop the following preflight
  left: 2
 right: 1

---- cancellation_during_heartbeat_outbox_response_stops_source_renewal stdout ----

thread 'cancellation_during_heartbeat_outbox_response_stops_source_renewal' (50) panicked at crates/outbox-delivery/tests/runner_lifecycle.rs:1491:5:
assertion `left == right` failed
  left: 6
 right: 2

---- cancellation_during_heartbeat_source_response_stops_handler_polling stdout ----

thread 'cancellation_during_heartbeat_source_response_stops_handler_polling' (51) panicked at crates/outbox-delivery/tests/runner_lifecycle.rs:1514:5:
assertion `left == right` failed: a cancelled Source heartbeat must not resume handler work
  left: 1
 right: 0

---- initial_preflight_time_counts_toward_total_processing_deadline stdout ----

thread 'initial_preflight_time_counts_toward_total_processing_deadline' (52) panicked at crates/outbox-delivery/tests/runner_lifecycle.rs:989:5:
assertion `left == right` failed: preflight must not reset the claim's processing deadline
  left: 1
 right: 0

---- pending_heartbeat_becomes_unknown_before_lease_expiry stdout ----

thread 'pending_heartbeat_becomes_unknown_before_lease_expiry' (54) panicked at crates/outbox-delivery/tests/runner_lifecycle.rs:740:13:
unresolved heartbeat lease bound: runner exceeded its configured budget and watchdog slack

---- shutdown_bounds_pending_final_reaper_without_confirming_reap stdout ----

thread 'shutdown_bounds_pending_final_reaper_without_confirming_reap' (57) panicked at crates/outbox-delivery/tests/runner_lifecycle.rs:740:13:
shutdown drain_timeout: runner exceeded its configured budget and watchdog slack

---- shutdown_bounds_pending_source_release_after_drain stdout ----

thread 'shutdown_bounds_pending_source_release_after_drain' (58) panicked at crates/outbox-delivery/tests/runner_lifecycle.rs:740:13:
shutdown drain_timeout: runner exceeded its configured budget and watchdog slack

---- shutdown_interrupts_pending_admission_without_claiming stdout ----

thread 'shutdown_interrupts_pending_admission_without_claiming' (60) panicked at crates/outbox-delivery/tests/runner_lifecycle.rs:740:13:
shutdown drain_timeout: runner exceeded its configured budget and watchdog slack

---- shutdown_interrupts_pending_claim_without_dispatching stdout ----

thread 'shutdown_interrupts_pending_claim_without_dispatching' (61) panicked at crates/outbox-delivery/tests/runner_lifecycle.rs:740:13:
shutdown drain_timeout: runner exceeded its configured budget and watchdog slack

---- shutdown_interrupts_pending_cycle_reaper stdout ----

thread 'shutdown_interrupts_pending_cycle_reaper' (62) panicked at crates/outbox-delivery/tests/runner_lifecycle.rs:740:13:
shutdown drain_timeout: runner exceeded its configured budget and watchdog slack

---- shutdown_interrupts_pending_policy_verification stdout ----

thread 'shutdown_interrupts_pending_policy_verification' (63) panicked at crates/outbox-delivery/tests/runner_lifecycle.rs:740:13:
shutdown drain_timeout: runner exceeded its configured budget and watchdog slack

---- shutdown_pending_failure_settlement_remains_unknown stdout ----

thread 'shutdown_pending_failure_settlement_remains_unknown' (64) panicked at crates/outbox-delivery/tests/runner_lifecycle.rs:1197:5:
assertion `left == right` failed: drain cancellation cannot turn an unresolved dependency response into confirmed Lost
  left: Ok(RunSummary { cycles: 1, claimed: 1, settled: 0, lost: 1, reaped: 0, outages: 0 })
 right: Err(StoreUnknown)

---- shutdown_pending_initial_outbox_preflight_remains_unknown stdout ----

thread 'shutdown_pending_initial_outbox_preflight_remains_unknown' (65) panicked at crates/outbox-delivery/tests/runner_lifecycle.rs:1197:5:
assertion `left == right` failed: drain cancellation cannot turn an unresolved dependency response into confirmed Lost
  left: Ok(RunSummary { cycles: 1, claimed: 1, settled: 0, lost: 1, reaped: 0, outages: 0 })
 right: Err(StoreUnknown)

---- shutdown_pending_initial_source_preflight_remains_unknown stdout ----

thread 'shutdown_pending_initial_source_preflight_remains_unknown' (66) panicked at crates/outbox-delivery/tests/runner_lifecycle.rs:1197:5:
assertion `left == right` failed: drain cancellation cannot turn an unresolved dependency response into confirmed Lost
  left: Ok(RunSummary { cycles: 1, claimed: 1, settled: 0, lost: 1, reaped: 0, outages: 0 })
 right: Err(StoreUnknown)

---- shutdown_pending_outbox_heartbeat_remains_unknown stdout ----

thread 'shutdown_pending_outbox_heartbeat_remains_unknown' (67) panicked at crates/outbox-delivery/tests/runner_lifecycle.rs:1197:5:
assertion `left == right` failed: drain cancellation cannot turn an unresolved dependency response into confirmed Lost
  left: Ok(RunSummary { cycles: 1, claimed: 1, settled: 0, lost: 1, reaped: 0, outages: 0 })
 right: Err(StoreUnknown)

---- shutdown_pending_source_heartbeat_remains_unknown stdout ----

thread 'shutdown_pending_source_heartbeat_remains_unknown' (68) panicked at crates/outbox-delivery/tests/runner_lifecycle.rs:1197:5:
assertion `left == right` failed: drain cancellation cannot turn an unresolved dependency response into confirmed Lost
  left: Ok(RunSummary { cycles: 1, claimed: 1, settled: 0, lost: 1, reaped: 0, outages: 0 })
 right: Err(StoreUnknown)

---- shutdown_pending_success_settlement_remains_unknown stdout ----

thread 'shutdown_pending_success_settlement_remains_unknown' (69) panicked at crates/outbox-delivery/tests/runner_lifecycle.rs:1197:5:
assertion `left == right` failed: drain cancellation cannot turn an unresolved dependency response into confirmed Lost
  left: Ok(RunSummary { cycles: 1, claimed: 1, settled: 0, lost: 1, reaped: 0, outages: 0 })
 right: Err(StoreUnknown)

---- total_deadline_bounds_pending_failure_settlement_without_confirming_retry stdout ----

thread 'total_deadline_bounds_pending_failure_settlement_without_confirming_retry' (71) panicked at crates/outbox-delivery/tests/runner_lifecycle.rs:740:13:
max_processing: runner exceeded its configured budget and watchdog slack

---- total_deadline_bounds_pending_initial_outbox_preflight stdout ----

thread 'total_deadline_bounds_pending_initial_outbox_preflight' (72) panicked at crates/outbox-delivery/tests/runner_lifecycle.rs:740:13:
max_processing: runner exceeded its configured budget and watchdog slack

---- total_deadline_bounds_pending_initial_source_preflight stdout ----

thread 'total_deadline_bounds_pending_initial_source_preflight' (73) panicked at crates/outbox-delivery/tests/runner_lifecycle.rs:740:13:
max_processing: runner exceeded its configured budget and watchdog slack

---- total_deadline_bounds_pending_initial_source_renewal stdout ----

thread 'total_deadline_bounds_pending_initial_source_renewal' (74) panicked at crates/outbox-delivery/tests/runner_lifecycle.rs:740:13:
max_processing: runner exceeded its configured budget and watchdog slack

---- total_deadline_bounds_pending_outbox_heartbeat stdout ----

thread 'total_deadline_bounds_pending_outbox_heartbeat' (75) panicked at crates/outbox-delivery/tests/runner_lifecycle.rs:740:13:
max_processing: runner exceeded its configured budget and watchdog slack

---- total_deadline_bounds_pending_post_handler_outbox_preflight stdout ----

thread 'total_deadline_bounds_pending_post_handler_outbox_preflight' (76) panicked at crates/outbox-delivery/tests/runner_lifecycle.rs:740:13:
max_processing: runner exceeded its configured budget and watchdog slack

---- total_deadline_bounds_pending_post_handler_source_preflight stdout ----

thread 'total_deadline_bounds_pending_post_handler_source_preflight' (77) panicked at crates/outbox-delivery/tests/runner_lifecycle.rs:740:13:
max_processing: runner exceeded its configured budget and watchdog slack

---- total_deadline_bounds_pending_post_handler_source_renewal stdout ----

thread 'total_deadline_bounds_pending_post_handler_source_renewal' (78) panicked at crates/outbox-delivery/tests/runner_lifecycle.rs:740:13:
max_processing: runner exceeded its configured budget and watchdog slack

---- total_deadline_bounds_pending_source_heartbeat stdout ----

thread 'total_deadline_bounds_pending_source_heartbeat' (79) panicked at crates/outbox-delivery/tests/runner_lifecycle.rs:740:13:
max_processing: runner exceeded its configured budget and watchdog slack

---- total_deadline_bounds_pending_success_settlement_without_confirming_ack stdout ----

thread 'total_deadline_bounds_pending_success_settlement_without_confirming_ack' (80) panicked at crates/outbox-delivery/tests/runner_lifecycle.rs:740:13:
max_processing: runner exceeded its configured budget and watchdog slack


failures:
    cancellation_before_heartbeat_prevents_new_renewal_attempts
    cancellation_during_final_outbox_response_stops_source_fences
    cancellation_during_final_source_preflight_stops_settlement
    cancellation_during_final_source_renewal_stops_source_preflight
    cancellation_during_heartbeat_outbox_response_stops_source_renewal
    cancellation_during_heartbeat_source_response_stops_handler_polling
    initial_preflight_time_counts_toward_total_processing_deadline
    pending_heartbeat_becomes_unknown_before_lease_expiry
    shutdown_bounds_pending_final_reaper_without_confirming_reap
    shutdown_bounds_pending_source_release_after_drain
    shutdown_interrupts_pending_admission_without_claiming
    shutdown_interrupts_pending_claim_without_dispatching
    shutdown_interrupts_pending_cycle_reaper
    shutdown_interrupts_pending_policy_verification
    shutdown_pending_failure_settlement_remains_unknown
    shutdown_pending_initial_outbox_preflight_remains_unknown
    shutdown_pending_initial_source_preflight_remains_unknown
    shutdown_pending_outbox_heartbeat_remains_unknown
    shutdown_pending_source_heartbeat_remains_unknown
    shutdown_pending_success_settlement_remains_unknown
    total_deadline_bounds_pending_failure_settlement_without_confirming_retry
    total_deadline_bounds_pending_initial_outbox_preflight
    total_deadline_bounds_pending_initial_source_preflight
    total_deadline_bounds_pending_initial_source_renewal
    total_deadline_bounds_pending_outbox_heartbeat
    total_deadline_bounds_pending_post_handler_outbox_preflight
    total_deadline_bounds_pending_post_handler_source_preflight
    total_deadline_bounds_pending_post_handler_source_renewal
    total_deadline_bounds_pending_source_heartbeat
    total_deadline_bounds_pending_success_settlement_without_confirming_ack

test result: FAILED. 5 passed; 30 failed; 0 ignored; 0 measured; 0 filtered out; finished in 16.46s

error: test failed, to rerun pass `-p outbox-delivery --test runner_lifecycle`
