warning[license-not-encountered]: license was not encountered
   ┌─ /workspace/scratch/13897606dfde/search-poc-dependency-repair/experiments/search-discovery-poc/deny.toml:14:32
   │
14 │ allow = ["MIT", "Apache-2.0", "BSD-2-Clause", "BSD-3-Clause", "Unicode-3.0", "Zlib", "ISC", "CDLA-Permissive-2.0"]
   │                                ━━━━━━━━━━━━ unmatched license allowance

warning[duplicate]: found 2 duplicate entries for crate 'base64'
   ┌─ /workspace/scratch/13897606dfde/search-poc-dependency-repair/experiments/search-discovery-poc/Cargo.lock:14:1
   │
14 │ ╭ base64 0.22.1 registry+https://github.com/rust-lang/crates.io-index
15 │ │ base64 0.23.1 registry+https://github.com/rust-lang/crates.io-index
   │ ╰───────────────────────────────────────────────────────────────────┘ lock entries

warning[duplicate]: found 2 duplicate entries for crate 'bitflags'
   ┌─ /workspace/scratch/13897606dfde/search-poc-dependency-repair/experiments/search-discovery-poc/Cargo.lock:16:1
   │
16 │ ╭ bitflags 1.3.2 registry+https://github.com/rust-lang/crates.io-index
17 │ │ bitflags 2.13.2 registry+https://github.com/rust-lang/crates.io-index
   │ ╰─────────────────────────────────────────────────────────────────────┘ lock entries

warning[duplicate]: found 2 duplicate entries for crate 'getrandom'
   ┌─ /workspace/scratch/13897606dfde/search-poc-dependency-repair/experiments/search-discovery-poc/Cargo.lock:88:1
   │
88 │ ╭ getrandom 0.2.17 registry+https://github.com/rust-lang/crates.io-index
89 │ │ getrandom 0.4.3 registry+https://github.com/rust-lang/crates.io-index
   │ ╰─────────────────────────────────────────────────────────────────────┘ lock entries

warning[duplicate]: found 2 duplicate entries for crate 'syn'
    ┌─ /workspace/scratch/13897606dfde/search-poc-dependency-repair/experiments/search-discovery-poc/Cargo.lock:249:1
    │
249 │ ╭ syn 2.0.119 registry+https://github.com/rust-lang/crates.io-index
250 │ │ syn 3.0.6 registry+https://github.com/rust-lang/crates.io-index
    │ ╰───────────────────────────────────────────────────────────────┘ lock entries

warning[duplicate]: found 2 duplicate entries for crate 'wasi'
    ┌─ /workspace/scratch/13897606dfde/search-poc-dependency-repair/experiments/search-discovery-poc/Cargo.lock:306:1
    │
306 │ ╭ wasi 0.11.1+wasi-snapshot-preview1 registry+https://github.com/rust-lang/crates.io-index
307 │ │ wasi 0.14.7+wasi-0.2.4 registry+https://github.com/rust-lang/crates.io-index
    │ ╰────────────────────────────────────────────────────────────────────────────┘ lock entries

warning[duplicate]: found 3 duplicate entries for crate 'windows-sys'
    ┌─ /workspace/scratch/13897606dfde/search-poc-dependency-repair/experiments/search-discovery-poc/Cargo.lock:322:1
    │
322 │ ╭ windows-sys 0.52.0 registry+https://github.com/rust-lang/crates.io-index
323 │ │ windows-sys 0.59.0 registry+https://github.com/rust-lang/crates.io-index
324 │ │ windows-sys 0.61.2 registry+https://github.com/rust-lang/crates.io-index
    │ ╰────────────────────────────────────────────────────────────────────────┘ lock entries

advisories ok, bans ok, licenses ok, sources ok
